MISMATCH /usr/share/locale
  expected: {"gid": 0, "mode": 493, "path": "/usr/share/locale", "type": "directory", "uid": 0}
  actual:   {"gid": 1001, "mode": 509, "path": "/usr/share/locale", "type": "directory", "uid": 1001}
MISMATCH /usr/share/locale/de_AT.UTF-8
  expected: {"gid": 0, "mode": 493, "path": "/usr/share/locale/de_AT.UTF-8", "type": "directory", "uid": 0}
  actual:   MISSING
MISMATCH /usr/share/locale/de_AT.UTF-8/bc
  expected: {"gid": 0, "mode": 511, "path": "/usr/share/locale/de_AT.UTF-8/bc", "target": "../de_DE.UTF-8/bc", "type": "symlink", "uid": 0}
  actual:   MISSING
MISMATCH /usr/share/locale/de_CH.UTF-8
  expected: {"gid": 0, "mode": 493, "path": "/usr/share/locale/de_CH.UTF-8", "type": "directory", "uid": 0}
  actual:   MISSING
MISMATCH /usr/share/locale/de_CH.UTF-8/bc
  expected: {"gid": 0, "mode": 511, "path": "/usr/share/locale/de_CH.UTF-8/bc", "target": "../de_DE.UTF-8/bc", "type": "symlink", "uid": 0}
  actual:   MISSING
MISMATCH /usr/share/locale/de_DE.UTF-8
  expected: {"gid": 0, "mode": 493, "path": "/usr/share/locale/de_DE.UTF-8", "type": "directory", "uid": 0}
  actual:   MISSING
MISMATCH /usr/share/locale/de_DE.UTF-8/bc
  expected: {"gid": 0, "mode": 420, "path": "/usr/share/locale/de_DE.UTF-8/bc", "sha256": "e2345722060803019025f22b2d8b7ef4f0b6f19f2d93adbf87bad13e3dfd6431", "size": 4353, "type": "file", "uid": 0}
  actual:   MISSING
MISMATCH /usr/share/locale/en_AU.UTF-8
  expected: {"gid": 0, "mode": 493, "path": "/usr/share/locale/en_AU.UTF-8", "type": "directory", "uid": 0}
  actual:   MISSING
MISMATCH /usr/share/locale/en_AU.UTF-8/bc
  expected: {"gid": 0, "mode": 511, "path": "/usr/share/locale/en_AU.UTF-8/bc", "target": "../en_US/bc", "type": "symlink", "uid": 0}
  actual:   MISSING
MISMATCH /usr/share/locale/en_CA.UTF-8
  expected: {"gid": 0, "mode": 493, "path": "/usr/share/locale/en_CA.UTF-8", "type": "directory", "uid": 0}
  actual:   MISSING
MISMATCH /usr/share/locale/en_CA.UTF-8/bc
  expected: {"gid": 0, "mode": 511, "path": "/usr/share/locale/en_CA.UTF-8/bc", "target": "../en_US/bc", "type": "symlink", "uid": 0}
  actual:   MISSING
MISMATCH /usr/share/locale/en_GB.UTF-8
  expected: {"gid": 0, "mode": 493, "path": "/usr/share/locale/en_GB.UTF-8", "type": "directory", "uid": 0}
  actual:   MISSING
MISMATCH /usr/share/locale/en_GB.UTF-8/bc
  expected: {"gid": 0, "mode": 511, "path": "/usr/share/locale/en_GB.UTF-8/bc", "target": "../en_US/bc", "type": "symlink", "uid": 0}
  actual:   MISSING
MISMATCH /usr/share/locale/en_IE.UTF-8
  expected: {"gid": 0, "mode": 493, "path": "/usr/share/locale/en_IE.UTF-8", "type": "directory", "uid": 0}
  actual:   MISSING
MISMATCH /usr/share/locale/en_IE.UTF-8/bc
  expected: {"gid": 0, "mode": 511, "path": "/usr/share/locale/en_IE.UTF-8/bc", "target": "../en_US/bc", "type": "symlink", "uid": 0}
  actual:   MISSING
MISMATCH /usr/share/locale/en_NZ.UTF-8
  expected: {"gid": 0, "mode": 493, "path": "/usr/share/locale/en_NZ.UTF-8", "type": "directory", "uid": 0}
  actual:   MISSING
MISMATCH /usr/share/locale/en_NZ.UTF-8/bc
  expected: {"gid": 0, "mode": 511, "path": "/usr/share/locale/en_NZ.UTF-8/bc", "target": "../en_US/bc", "type": "symlink", "uid": 0}
  actual:   MISSING
MISMATCH /usr/share/locale/en_US.UTF-8
  expected: {"gid": 0, "mode": 493, "path": "/usr/share/locale/en_US.UTF-8", "type": "directory", "uid": 0}
  actual:   MISSING
MISMATCH /usr/share/locale/en_US.UTF-8/bc
  expected: {"gid": 0, "mode": 511, "path": "/usr/share/locale/en_US.UTF-8/bc", "target": "../en_US/bc", "type": "symlink", "uid": 0}
  actual:   MISSING
MISMATCH /usr/share/locale/es_ES.UTF-8
  expected: {"gid": 0, "mode": 493, "path": "/usr/share/locale/es_ES.UTF-8", "type": "directory", "uid": 0}
  actual:   MISSING
MISMATCH /usr/share/locale/es_ES.UTF-8/bc
  expected: {"gid": 0, "mode": 420, "path": "/usr/share/locale/es_ES.UTF-8/bc", "sha256": "44a234c1714ab21f546b07a48a34a53384157b65b1729d5289a59c65e87548ad", "size": 4499, "type": "file", "uid": 0}
  actual:   MISSING
MISMATCH /usr/share/locale/fr_BE.UTF-8
  expected: {"gid": 0, "mode": 493, "path": "/usr/share/locale/fr_BE.UTF-8", "type": "directory", "uid": 0}
  actual:   MISSING
MISMATCH /usr/share/locale/fr_BE.UTF-8/bc
  expected: {"gid": 0, "mode": 511, "path": "/usr/share/locale/fr_BE.UTF-8/bc", "target": "../fr_FR.UTF-8/bc", "type": "symlink", "uid": 0}
  actual:   MISSING
MISMATCH /usr/share/locale/fr_CA.UTF-8
  expected: {"gid": 0, "mode": 493, "path": "/usr/share/locale/fr_CA.UTF-8", "type": "directory", "uid": 0}
  actual:   MISSING
MISMATCH /usr/share/locale/fr_CA.UTF-8/bc
  expected: {"gid": 0, "mode": 511, "path": "/usr/share/locale/fr_CA.UTF-8/bc", "target": "../fr_FR.UTF-8/bc", "type": "symlink", "uid": 0}
  actual:   MISSING
MISMATCH /usr/share/locale/fr_CH.UTF-8
  expected: {"gid": 0, "mode": 493, "path": "/usr/share/locale/fr_CH.UTF-8", "type": "directory", "uid": 0}
  actual:   MISSING
MISMATCH /usr/share/locale/fr_CH.UTF-8/bc
  expected: {"gid": 0, "mode": 511, "path": "/usr/share/locale/fr_CH.UTF-8/bc", "target": "../fr_FR.UTF-8/bc", "type": "symlink", "uid": 0}
  actual:   MISSING
MISMATCH /usr/share/locale/fr_FR.UTF-8
  expected: {"gid": 0, "mode": 493, "path": "/usr/share/locale/fr_FR.UTF-8", "type": "directory", "uid": 0}
  actual:   MISSING
MISMATCH /usr/share/locale/fr_FR.UTF-8/bc
  expected: {"gid": 0, "mode": 420, "path": "/usr/share/locale/fr_FR.UTF-8/bc", "sha256": "bbe4097895515fe9fde9f1000f77a836f866a383a4fb39a8232a3f10ef63c44a", "size": 4430, "type": "file", "uid": 0}
  actual:   MISSING
MISMATCH /usr/share/locale/ja_JP.UTF-8
  expected: {"gid": 0, "mode": 493, "path": "/usr/share/locale/ja_JP.UTF-8", "type": "directory", "uid": 0}
  actual:   MISSING
MISMATCH /usr/share/locale/ja_JP.UTF-8/bc
  expected: {"gid": 0, "mode": 420, "path": "/usr/share/locale/ja_JP.UTF-8/bc", "sha256": "fb0fc429bc07eb1bfa735e7cb53c7cbb7b2813402b04128411a219e02263ec5d", "size": 4761, "type": "file", "uid": 0}
  actual:   MISSING
MISMATCH /usr/share/locale/nl_NL.UTF-8
  expected: {"gid": 0, "mode": 493, "path": "/usr/share/locale/nl_NL.UTF-8", "type": "directory", "uid": 0}
  actual:   MISSING
MISMATCH /usr/share/locale/nl_NL.UTF-8/bc
  expected: {"gid": 0, "mode": 420, "path": "/usr/share/locale/nl_NL.UTF-8/bc", "sha256": "f8b5736585873c9a938c880fbe38f0614ff3d5c75d641b797bc1f413590147d5", "size": 4192, "type": "file", "uid": 0}
  actual:   MISSING
MISMATCH /usr/share/locale/pl_PL.UTF-8
  expected: {"gid": 0, "mode": 493, "path": "/usr/share/locale/pl_PL.UTF-8", "type": "directory", "uid": 0}
  actual:   MISSING
MISMATCH /usr/share/locale/pl_PL.UTF-8/bc
  expected: {"gid": 0, "mode": 420, "path": "/usr/share/locale/pl_PL.UTF-8/bc", "sha256": "a4ccc00cf6db710d665ce0d3254e5859b25805f9b08b8959e95f5c3e213cd6c3", "size": 4387, "type": "file", "uid": 0}
  actual:   MISSING
MISMATCH /usr/share/locale/pt_BR.UTF-8
  expected: {"gid": 0, "mode": 493, "path": "/usr/share/locale/pt_BR.UTF-8", "type": "directory", "uid": 0}
  actual:   MISSING
MISMATCH /usr/share/locale/pt_BR.UTF-8/bc
  expected: {"gid": 0, "mode": 511, "path": "/usr/share/locale/pt_BR.UTF-8/bc", "target": "../pt_PT.UTF-8/bc", "type": "symlink", "uid": 0}
  actual:   MISSING
MISMATCH /usr/share/locale/pt_PT.UTF-8
  expected: {"gid": 0, "mode": 493, "path": "/usr/share/locale/pt_PT.UTF-8", "type": "directory", "uid": 0}
  actual:   MISSING
MISMATCH /usr/share/locale/pt_PT.UTF-8/bc
  expected: {"gid": 0, "mode": 420, "path": "/usr/share/locale/pt_PT.UTF-8/bc", "sha256": "6c38b02e94a89e10d86978af7016f0145c84829ce12e6ab5633e7c18e319f5bf", "size": 4361, "type": "file", "uid": 0}
  actual:   MISSING
MISMATCH /usr/share/locale/ru_RU.CP1251
  expected: {"gid": 0, "mode": 493, "path": "/usr/share/locale/ru_RU.CP1251", "type": "directory", "uid": 0}
  actual:   MISSING
MISMATCH /usr/share/locale/ru_RU.CP1251/bc
  expected: {"gid": 0, "mode": 420, "path": "/usr/share/locale/ru_RU.CP1251/bc", "sha256": "59511e4549cc53c413e4b86d009128a16786e2f8a2a432d45ded23b625c212a0", "size": 36, "type": "file", "uid": 0}
  actual:   MISSING
MISMATCH /usr/share/locale/ru_RU.KOI8-R
  expected: {"gid": 0, "mode": 493, "path": "/usr/share/locale/ru_RU.KOI8-R", "type": "directory", "uid": 0}
  actual:   MISSING
MISMATCH /usr/share/locale/ru_RU.KOI8-R/bc
  expected: {"gid": 0, "mode": 420, "path": "/usr/share/locale/ru_RU.KOI8-R/bc", "sha256": "59511e4549cc53c413e4b86d009128a16786e2f8a2a432d45ded23b625c212a0", "size": 36, "type": "file", "uid": 0}
  actual:   MISSING
MISMATCH /usr/share/locale/ru_RU.UTF-8
  expected: {"gid": 0, "mode": 493, "path": "/usr/share/locale/ru_RU.UTF-8", "type": "directory", "uid": 0}
  actual:   MISSING
MISMATCH /usr/share/locale/ru_RU.UTF-8/bc
  expected: {"gid": 0, "mode": 420, "path": "/usr/share/locale/ru_RU.UTF-8/bc", "sha256": "3fc71e8d1f5d3ee487b167c752cfec40b8a50a4148e9267b161450292c2aae92", "size": 6050, "type": "file", "uid": 0}
  actual:   MISSING
MISMATCH /usr/share/locale/zh_CN.GB18030
  expected: {"gid": 0, "mode": 493, "path": "/usr/share/locale/zh_CN.GB18030", "type": "directory", "uid": 0}
  actual:   MISSING
MISMATCH /usr/share/locale/zh_CN.GB18030/bc
  expected: {"gid": 0, "mode": 420, "path": "/usr/share/locale/zh_CN.GB18030/bc", "sha256": "59511e4549cc53c413e4b86d009128a16786e2f8a2a432d45ded23b625c212a0", "size": 36, "type": "file", "uid": 0}
  actual:   MISSING
MISMATCH /usr/share/locale/zh_CN.GB2312
  expected: {"gid": 0, "mode": 493, "path": "/usr/share/locale/zh_CN.GB2312", "type": "directory", "uid": 0}
  actual:   MISSING
MISMATCH /usr/share/locale/zh_CN.GB2312/bc
  expected: {"gid": 0, "mode": 420, "path": "/usr/share/locale/zh_CN.GB2312/bc", "sha256": "59511e4549cc53c413e4b86d009128a16786e2f8a2a432d45ded23b625c212a0", "size": 36, "type": "file", "uid": 0}
  actual:   MISSING
MISMATCH /usr/share/locale/zh_CN.GBK
  expected: {"gid": 0, "mode": 493, "path": "/usr/share/locale/zh_CN.GBK", "type": "directory", "uid": 0}
  actual:   MISSING
MISMATCH /usr/share/locale/zh_CN.GBK/bc
  expected: {"gid": 0, "mode": 420, "path": "/usr/share/locale/zh_CN.GBK/bc", "sha256": "59511e4549cc53c413e4b86d009128a16786e2f8a2a432d45ded23b625c212a0", "size": 36, "type": "file", "uid": 0}
  actual:   MISSING
MISMATCH /usr/share/locale/zh_CN.UTF-8
  expected: {"gid": 0, "mode": 493, "path": "/usr/share/locale/zh_CN.UTF-8", "type": "directory", "uid": 0}
  actual:   MISSING
MISMATCH /usr/share/locale/zh_CN.UTF-8/bc
  expected: {"gid": 0, "mode": 420, "path": "/usr/share/locale/zh_CN.UTF-8/bc", "sha256": "04d2cfe9f6ff773a9a2088cd8d3a0407aa6286426c871aa30a9d9b9608acfe0d", "size": 3750, "type": "file", "uid": 0}
  actual:   MISSING
package=bc version=7.0.3 entries=64 matched=11 mismatched=53
