MISMATCH /usr/bin/awk
  expected: {"gid": 0, "mode": 511, "path": "/usr/bin/awk", "target": "gawk", "type": "symlink", "uid": 0}
  actual:   {"gid": 1001, "mode": 511, "path": "/usr/bin/awk", "target": "gawk", "type": "symlink", "uid": 1001}
MISMATCH /usr/bin/gawk
  expected: {"gid": 0, "mode": 493, "path": "/usr/bin/gawk", "sha256": "2cc60326df0cbf8f782dacb85efb8b5885c97087c9e57cb3883dbd22c31619e9", "size": 3431576, "type": "file", "uid": 0}
  actual:   {"gid": 1001, "mode": 493, "path": "/usr/bin/gawk", "sha256": "0e76f8ea706b97deb5074cbc340e12e7187ba5335e2bb6bc393eec879989dab1", "size": 3173168, "type": "file", "uid": 1001}
MISMATCH /usr/bin/gawk-5.3.2
  expected: {"gid": 0, "mode": 493, "path": "/usr/bin/gawk-5.3.2", "sha256": "2cc60326df0cbf8f782dacb85efb8b5885c97087c9e57cb3883dbd22c31619e9", "size": 3431576, "type": "file", "uid": 0}
  actual:   {"gid": 1001, "mode": 493, "path": "/usr/bin/gawk-5.3.2", "sha256": "0e76f8ea706b97deb5074cbc340e12e7187ba5335e2bb6bc393eec879989dab1", "size": 3173168, "type": "file", "uid": 1001}
MISMATCH /usr/bin/gawkbug
  expected: {"gid": 0, "mode": 493, "path": "/usr/bin/gawkbug", "sha256": "81a393c10fe434394b424f3ac6cc76757b2ad9ecc3fbdf0f9063840bd7b34479", "size": 6590, "type": "file", "uid": 0}
  actual:   {"gid": 1001, "mode": 493, "path": "/usr/bin/gawkbug", "sha256": "6f5361bd35b1d4ac2381ec5e787fee8dc334cd53c482dca9846924ca29fa8570", "size": 6612, "type": "file", "uid": 1001}
MISMATCH /usr/include/gawkapi.h
  expected: {"gid": 0, "mode": 420, "path": "/usr/include/gawkapi.h", "sha256": "e8961d2ed4c9e718d7649e28ab224911a4bbfc09421b1af52733a49cc3920b84", "size": 42488, "type": "file", "uid": 0}
  actual:   {"gid": 1001, "mode": 420, "path": "/usr/include/gawkapi.h", "sha256": "e8961d2ed4c9e718d7649e28ab224911a4bbfc09421b1af52733a49cc3920b84", "size": 42488, "type": "file", "uid": 1001}
MISMATCH /usr/lib/gawk
  expected: {"gid": 0, "mode": 493, "path": "/usr/lib/gawk", "type": "directory", "uid": 0}
  actual:   {"gid": 1001, "mode": 509, "path": "/usr/lib/gawk", "type": "directory", "uid": 1001}
MISMATCH /usr/lib/gawk/filefuncs.so
  expected: {"gid": 0, "mode": 493, "path": "/usr/lib/gawk/filefuncs.so", "sha256": "9c9ba4ec9c116a506b6d9d01149fa1851c758f35203065d6cd724763dee20295", "size": 122432, "type": "file", "uid": 0}
  actual:   {"gid": 1001, "mode": 493, "path": "/usr/lib/gawk/filefuncs.so", "sha256": "5201c44e6e12e009035446f631d3ef3f540a3b067ea2796ec3a7ebc3a6ab9698", "size": 126656, "type": "file", "uid": 1001}
MISMATCH /usr/lib/gawk/fnmatch.so
  expected: {"gid": 0, "mode": 493, "path": "/usr/lib/gawk/fnmatch.so", "sha256": "58fa8cc5613ccde2b91180643dcf4043b3048116b019f0db8c2fa6afc33498e9", "size": 31320, "type": "file", "uid": 0}
  actual:   {"gid": 1001, "mode": 493, "path": "/usr/lib/gawk/fnmatch.so", "sha256": "15f8edcc2ca32f9d3c4f89e079c8c6c1d5221a6affc02402422a42f4090ed46a", "size": 31432, "type": "file", "uid": 1001}
MISMATCH /usr/lib/gawk/fork.so
  expected: {"gid": 0, "mode": 493, "path": "/usr/lib/gawk/fork.so", "sha256": "ccdd89b6338421e5ad815b07a9c594e55c04bf621e30fbadb27f1f60fcdca353", "size": 31616, "type": "file", "uid": 0}
  actual:   {"gid": 1001, "mode": 493, "path": "/usr/lib/gawk/fork.so", "sha256": "03ce4886d6fb8dc7abdbd222ec1106492954b0a327b81192520ebf67298a42bc", "size": 31736, "type": "file", "uid": 1001}
MISMATCH /usr/lib/gawk/inplace.so
  expected: {"gid": 0, "mode": 493, "path": "/usr/lib/gawk/inplace.so", "sha256": "d023e48e451c62433d2288d56b0353a48103f27efc0178f4ef5c5edd7d5f296c", "size": 34288, "type": "file", "uid": 0}
  actual:   {"gid": 1001, "mode": 493, "path": "/usr/lib/gawk/inplace.so", "sha256": "1117f7a5ac4b1b3bda09a974d32b24d68f018457faa23b22bc85e9774f1848ef", "size": 34416, "type": "file", "uid": 1001}
MISMATCH /usr/lib/gawk/intdiv.so
  expected: {"gid": 0, "mode": 493, "path": "/usr/lib/gawk/intdiv.so", "sha256": "bcedddf062d84de9bcf04ff29a7bba6721cc56b554161a4e24edad39c1cb30ea", "size": 36136, "type": "file", "uid": 0}
  actual:   {"gid": 1001, "mode": 493, "path": "/usr/lib/gawk/intdiv.so", "sha256": "3e533d38b43ebe69fc732b87b81747f815d51aafd9d7547d469958e35e23874a", "size": 31896, "type": "file", "uid": 1001}
MISMATCH /usr/lib/gawk/ordchr.so
  expected: {"gid": 0, "mode": 493, "path": "/usr/lib/gawk/ordchr.so", "sha256": "73e0c1f3219bc64adfb3a82bc844d76996b7eb711baabe8b63c18d8ec49710eb", "size": 29424, "type": "file", "uid": 0}
  actual:   {"gid": 1001, "mode": 493, "path": "/usr/lib/gawk/ordchr.so", "sha256": "96fd0d98e07ea7a8c2707ca1c6fd7a681f01cbd057b0bfc40d61476bc5969b20", "size": 29536, "type": "file", "uid": 1001}
MISMATCH /usr/lib/gawk/readdir.so
  expected: {"gid": 0, "mode": 493, "path": "/usr/lib/gawk/readdir.so", "sha256": "59daa630580cd527b6e60ecfecc0dd2579b424a8d92cc79950055c22ee2ab326", "size": 33248, "type": "file", "uid": 0}
  actual:   {"gid": 1001, "mode": 493, "path": "/usr/lib/gawk/readdir.so", "sha256": "d92cadb3b7310add4a398098fff7a5ed9c30b18cb36e62dbebd904ffb4f2fef4", "size": 33376, "type": "file", "uid": 1001}
MISMATCH /usr/lib/gawk/readfile.so
  expected: {"gid": 0, "mode": 493, "path": "/usr/lib/gawk/readfile.so", "sha256": "f8c25cacfa3b90859c0a83d3af1fefdf18d920a9e9b8cb3f5fcbe9f1f4212f0d", "size": 33136, "type": "file", "uid": 0}
  actual:   {"gid": 1001, "mode": 493, "path": "/usr/lib/gawk/readfile.so", "sha256": "6420aaf56f8d024e6fba1ce5d565043ed9017a51bd961b6ed865937ee268dbb2", "size": 33256, "type": "file", "uid": 1001}
MISMATCH /usr/lib/gawk/revoutput.so
  expected: {"gid": 0, "mode": 493, "path": "/usr/lib/gawk/revoutput.so", "sha256": "cfba67197e640f2ca64f86d2f1deb88e18b8031d6f58eaa1ba9c7fc729a0e384", "size": 28672, "type": "file", "uid": 0}
  actual:   {"gid": 1001, "mode": 493, "path": "/usr/lib/gawk/revoutput.so", "sha256": "5ab2246316b92154f1376f2adedd07d5aad99d4a28c787f55c44e9f5c201e169", "size": 28792, "type": "file", "uid": 1001}
MISMATCH /usr/lib/gawk/revtwoway.so
  expected: {"gid": 0, "mode": 493, "path": "/usr/lib/gawk/revtwoway.so", "sha256": "6bcc6f9719fa7ed18eb403d611feb73705b611c96f14bf8e1ad70f9e62c86e48", "size": 31728, "type": "file", "uid": 0}
  actual:   {"gid": 1001, "mode": 493, "path": "/usr/lib/gawk/revtwoway.so", "sha256": "f4536d21b4b9fad099ec2971b95043e6634fb86d49e11137d910cbb7bc108006", "size": 31848, "type": "file", "uid": 1001}
MISMATCH /usr/lib/gawk/rwarray.so
  expected: {"gid": 0, "mode": 493, "path": "/usr/lib/gawk/rwarray.so", "sha256": "08048738e3bb8e55235fd357de594f88cdf4ddb9644585e7f32125eea2b07c5b", "size": 54584, "type": "file", "uid": 0}
  actual:   {"gid": 1001, "mode": 493, "path": "/usr/lib/gawk/rwarray.so", "sha256": "a758a8758b33b713c049e2c840b2c7d8ba9d75ef469dcb88c9c1ebf72a50e766", "size": 51688, "type": "file", "uid": 1001}
MISMATCH /usr/lib/gawk/time.so
  expected: {"gid": 0, "mode": 493, "path": "/usr/lib/gawk/time.so", "sha256": "611a7323ac0486e4268011388a823c7387445737977c79fc21cf06f67389d4fb", "size": 30896, "type": "file", "uid": 0}
  actual:   {"gid": 1001, "mode": 493, "path": "/usr/lib/gawk/time.so", "sha256": "8b210a6dbf25aa6ff75e26da4865a887ba7afa523fa93ed36665ea3d7b0959a2", "size": 31008, "type": "file", "uid": 1001}
MISMATCH /usr/libexec
  expected: {"gid": 0, "mode": 493, "path": "/usr/libexec", "type": "directory", "uid": 0}
  actual:   {"gid": 1001, "mode": 509, "path": "/usr/libexec", "type": "directory", "uid": 1001}
MISMATCH /usr/libexec/awk
  expected: {"gid": 0, "mode": 493, "path": "/usr/libexec/awk", "type": "directory", "uid": 0}
  actual:   {"gid": 1001, "mode": 509, "path": "/usr/libexec/awk", "type": "directory", "uid": 1001}
MISMATCH /usr/libexec/awk/grcat
  expected: {"gid": 0, "mode": 493, "path": "/usr/libexec/awk/grcat", "sha256": "d98a5f3886808c8740ee16154175783c1bdbac42860e6fff677d29d803f5519b", "size": 22112, "type": "file", "uid": 0}
  actual:   {"gid": 1001, "mode": 493, "path": "/usr/libexec/awk/grcat", "sha256": "0d0e57565faa8e285bc3db574ecd6cb1771eb0fc8d02ce726bc81ad23dee246a", "size": 22216, "type": "file", "uid": 1001}
MISMATCH /usr/libexec/awk/pwcat
  expected: {"gid": 0, "mode": 493, "path": "/usr/libexec/awk/pwcat", "sha256": "532730d6fd94deb118f9dc32ffd150eae7765bc8eee1ca20485a13f1c840eaf7", "size": 20304, "type": "file", "uid": 0}
  actual:   {"gid": 1001, "mode": 493, "path": "/usr/libexec/awk/pwcat", "sha256": "8c90138c4afc7bb474c8576b1ec7cbe52e35f5281038bce6e1d8ce4b13051173", "size": 20400, "type": "file", "uid": 1001}
MISMATCH /usr/share/awk
  expected: {"gid": 0, "mode": 493, "path": "/usr/share/awk", "type": "directory", "uid": 0}
  actual:   {"gid": 1001, "mode": 493, "path": "/usr/share/awk", "type": "directory", "uid": 1001}
MISMATCH /usr/share/awk/assert.awk
  expected: {"gid": 0, "mode": 420, "path": "/usr/share/awk/assert.awk", "sha256": "07f9e0362956d40ea6a92bedd4f292666185d038885387cb00adb5ade1582d93", "size": 383, "type": "file", "uid": 0}
  actual:   {"gid": 1001, "mode": 420, "path": "/usr/share/awk/assert.awk", "sha256": "07f9e0362956d40ea6a92bedd4f292666185d038885387cb00adb5ade1582d93", "size": 383, "type": "file", "uid": 1001}
MISMATCH /usr/share/awk/bits2str.awk
  expected: {"gid": 0, "mode": 420, "path": "/usr/share/awk/bits2str.awk", "sha256": "d7529387edb12e4054b384e96bc4911cb3b0e544602fb1e9de8a983f5fd46c5a", "size": 334, "type": "file", "uid": 0}
  actual:   {"gid": 1001, "mode": 420, "path": "/usr/share/awk/bits2str.awk", "sha256": "d7529387edb12e4054b384e96bc4911cb3b0e544602fb1e9de8a983f5fd46c5a", "size": 334, "type": "file", "uid": 1001}
MISMATCH /usr/share/awk/cliff_rand.awk
  expected: {"gid": 0, "mode": 420, "path": "/usr/share/awk/cliff_rand.awk", "sha256": "41b20eba1d788cdc7d64c3860315b3bb8613f80b5f7d8f04774c31caef64dd42", "size": 307, "type": "file", "uid": 0}
  actual:   {"gid": 1001, "mode": 420, "path": "/usr/share/awk/cliff_rand.awk", "sha256": "41b20eba1d788cdc7d64c3860315b3bb8613f80b5f7d8f04774c31caef64dd42", "size": 307, "type": "file", "uid": 1001}
MISMATCH /usr/share/awk/ctime.awk
  expected: {"gid": 0, "mode": 420, "path": "/usr/share/awk/ctime.awk", "sha256": "cf1b816f600516ec0a4f84901e12c48f44c5309bd6bd7b32f9a17abd026f2b86", "size": 234, "type": "file", "uid": 0}
  actual:   {"gid": 1001, "mode": 420, "path": "/usr/share/awk/ctime.awk", "sha256": "cf1b816f600516ec0a4f84901e12c48f44c5309bd6bd7b32f9a17abd026f2b86", "size": 234, "type": "file", "uid": 1001}
MISMATCH /usr/share/awk/ftrans.awk
  expected: {"gid": 0, "mode": 420, "path": "/usr/share/awk/ftrans.awk", "sha256": "9957afaddfec5f2c6bc4f9cb12c576e6c367c1b681a472e91ced9caff5292722", "size": 315, "type": "file", "uid": 0}
  actual:   {"gid": 1001, "mode": 420, "path": "/usr/share/awk/ftrans.awk", "sha256": "9957afaddfec5f2c6bc4f9cb12c576e6c367c1b681a472e91ced9caff5292722", "size": 315, "type": "file", "uid": 1001}
MISMATCH /usr/share/awk/getopt.awk
  expected: {"gid": 0, "mode": 420, "path": "/usr/share/awk/getopt.awk", "sha256": "c7f46386e232c34ce011d5c82b00472b4019e9c9e02fb62e19b3663df08bd22a", "size": 3270, "type": "file", "uid": 0}
  actual:   {"gid": 1001, "mode": 420, "path": "/usr/share/awk/getopt.awk", "sha256": "c7f46386e232c34ce011d5c82b00472b4019e9c9e02fb62e19b3663df08bd22a", "size": 3270, "type": "file", "uid": 1001}
MISMATCH /usr/share/awk/gettime.awk
  expected: {"gid": 0, "mode": 420, "path": "/usr/share/awk/gettime.awk", "sha256": "7baacb670919547d1fc2ec186d6ad937c6f7cc2d03e0b2e8f6802742dc7c6023", "size": 2491, "type": "file", "uid": 0}
  actual:   {"gid": 1001, "mode": 420, "path": "/usr/share/awk/gettime.awk", "sha256": "7baacb670919547d1fc2ec186d6ad937c6f7cc2d03e0b2e8f6802742dc7c6023", "size": 2491, "type": "file", "uid": 1001}
MISMATCH /usr/share/awk/group.awk
  expected: {"gid": 0, "mode": 420, "path": "/usr/share/awk/group.awk", "sha256": "dcabe4d2e2f93972471e7eade26a7779e0c160c23570d3b32509433756083073", "size": 1765, "type": "file", "uid": 0}
  actual:   {"gid": 1001, "mode": 420, "path": "/usr/share/awk/group.awk", "sha256": "dcabe4d2e2f93972471e7eade26a7779e0c160c23570d3b32509433756083073", "size": 1765, "type": "file", "uid": 1001}
MISMATCH /usr/share/awk/have_mpfr.awk
  expected: {"gid": 0, "mode": 420, "path": "/usr/share/awk/have_mpfr.awk", "sha256": "40d45f7e243e4f7faa1335852c5839fa80c60d70eccd94918cee7edbc58fd9a4", "size": 221, "type": "file", "uid": 0}
  actual:   {"gid": 1001, "mode": 420, "path": "/usr/share/awk/have_mpfr.awk", "sha256": "40d45f7e243e4f7faa1335852c5839fa80c60d70eccd94918cee7edbc58fd9a4", "size": 221, "type": "file", "uid": 1001}
MISMATCH /usr/share/awk/inplace.awk
  expected: {"gid": 0, "mode": 420, "path": "/usr/share/awk/inplace.awk", "sha256": "9081138f1bb5564b2a330088ebd05afffc55d731f5b638058be3290915460de6", "size": 2335, "type": "file", "uid": 0}
  actual:   {"gid": 1001, "mode": 420, "path": "/usr/share/awk/inplace.awk", "sha256": "9081138f1bb5564b2a330088ebd05afffc55d731f5b638058be3290915460de6", "size": 2335, "type": "file", "uid": 1001}
MISMATCH /usr/share/awk/intdiv0.awk
  expected: {"gid": 0, "mode": 420, "path": "/usr/share/awk/intdiv0.awk", "sha256": "c184f8a175c7226e9c567a8bb91e5e67ed8e239769012ad16f93c48f8e328bfd", "size": 462, "type": "file", "uid": 0}
  actual:   {"gid": 1001, "mode": 420, "path": "/usr/share/awk/intdiv0.awk", "sha256": "c184f8a175c7226e9c567a8bb91e5e67ed8e239769012ad16f93c48f8e328bfd", "size": 462, "type": "file", "uid": 1001}
MISMATCH /usr/share/awk/isnumeric.awk
  expected: {"gid": 0, "mode": 420, "path": "/usr/share/awk/isnumeric.awk", "sha256": "cff4e7e76e676da800f88d39a866c5bc1d42be27538ca959540e3cee9bdf2159", "size": 284, "type": "file", "uid": 0}
  actual:   {"gid": 1001, "mode": 420, "path": "/usr/share/awk/isnumeric.awk", "sha256": "cff4e7e76e676da800f88d39a866c5bc1d42be27538ca959540e3cee9bdf2159", "size": 284, "type": "file", "uid": 1001}
MISMATCH /usr/share/awk/join.awk
  expected: {"gid": 0, "mode": 420, "path": "/usr/share/awk/join.awk", "sha256": "9af26157a40c1e1c09dfa73152e07cbff4c4f4b31b7bf8132572270da6dfc052", "size": 378, "type": "file", "uid": 0}
  actual:   {"gid": 1001, "mode": 420, "path": "/usr/share/awk/join.awk", "sha256": "9af26157a40c1e1c09dfa73152e07cbff4c4f4b31b7bf8132572270da6dfc052", "size": 378, "type": "file", "uid": 1001}
MISMATCH /usr/share/awk/libintl.awk
  expected: {"gid": 0, "mode": 420, "path": "/usr/share/awk/libintl.awk", "sha256": "2b3a65b9053d2f4f08733870ef2cf1b5ee8aeba74dc6b9b1d1610fc0d9ac0eee", "size": 238, "type": "file", "uid": 0}
  actual:   {"gid": 1001, "mode": 420, "path": "/usr/share/awk/libintl.awk", "sha256": "2b3a65b9053d2f4f08733870ef2cf1b5ee8aeba74dc6b9b1d1610fc0d9ac0eee", "size": 238, "type": "file", "uid": 1001}
MISMATCH /usr/share/awk/noassign.awk
  expected: {"gid": 0, "mode": 420, "path": "/usr/share/awk/noassign.awk", "sha256": "7ffc84e6d111aaf56cb0d3756bbcbd73e2510069ee6fc05bc1ea0e412884663e", "size": 422, "type": "file", "uid": 0}
  actual:   {"gid": 1001, "mode": 420, "path": "/usr/share/awk/noassign.awk", "sha256": "7ffc84e6d111aaf56cb0d3756bbcbd73e2510069ee6fc05bc1ea0e412884663e", "size": 422, "type": "file", "uid": 1001}
MISMATCH /usr/share/awk/ns_passwd.awk
  expected: {"gid": 0, "mode": 420, "path": "/usr/share/awk/ns_passwd.awk", "sha256": "65670dbe643091de33dd490b71609677c875166d0aa59378a6576f979ba9886a", "size": 1282, "type": "file", "uid": 0}
  actual:   {"gid": 1001, "mode": 420, "path": "/usr/share/awk/ns_passwd.awk", "sha256": "65670dbe643091de33dd490b71609677c875166d0aa59378a6576f979ba9886a", "size": 1282, "type": "file", "uid": 1001}
MISMATCH /usr/share/awk/ord.awk
  expected: {"gid": 0, "mode": 420, "path": "/usr/share/awk/ord.awk", "sha256": "e7d37acc67a101dd2e23c19ed3f9dfd5d01ea93af63b2ebc8679976e1ef051ce", "size": 937, "type": "file", "uid": 0}
  actual:   {"gid": 1001, "mode": 420, "path": "/usr/share/awk/ord.awk", "sha256": "e7d37acc67a101dd2e23c19ed3f9dfd5d01ea93af63b2ebc8679976e1ef051ce", "size": 937, "type": "file", "uid": 1001}
MISMATCH /usr/share/awk/passwd.awk
  expected: {"gid": 0, "mode": 420, "path": "/usr/share/awk/passwd.awk", "sha256": "bdaf71595b473e0cfffaa426f451e1cbeae6d8a9047c5e78cf254b33586ac5eb", "size": 1199, "type": "file", "uid": 0}
  actual:   {"gid": 1001, "mode": 420, "path": "/usr/share/awk/passwd.awk", "sha256": "bdaf71595b473e0cfffaa426f451e1cbeae6d8a9047c5e78cf254b33586ac5eb", "size": 1199, "type": "file", "uid": 1001}
MISMATCH /usr/share/awk/processarray.awk
  expected: {"gid": 0, "mode": 420, "path": "/usr/share/awk/processarray.awk", "sha256": "ac1e8e8dee8105c5c1ab2a1b87fcb668885473b7e90b7b0c137275742c704166", "size": 355, "type": "file", "uid": 0}
  actual:   {"gid": 1001, "mode": 420, "path": "/usr/share/awk/processarray.awk", "sha256": "ac1e8e8dee8105c5c1ab2a1b87fcb668885473b7e90b7b0c137275742c704166", "size": 355, "type": "file", "uid": 1001}
MISMATCH /usr/share/awk/quicksort.awk
  expected: {"gid": 0, "mode": 420, "path": "/usr/share/awk/quicksort.awk", "sha256": "b769b7a892acedcdb98d18c3cf05544d4d85488a0378aaacba0c6e2ddb71bf35", "size": 1031, "type": "file", "uid": 0}
  actual:   {"gid": 1001, "mode": 420, "path": "/usr/share/awk/quicksort.awk", "sha256": "b769b7a892acedcdb98d18c3cf05544d4d85488a0378aaacba0c6e2ddb71bf35", "size": 1031, "type": "file", "uid": 1001}
MISMATCH /usr/share/awk/readable.awk
  expected: {"gid": 0, "mode": 420, "path": "/usr/share/awk/readable.awk", "sha256": "06e27abeb78eff929cb1f44256f195fe2d86ebb62814f731f420df286c8f1094", "size": 489, "type": "file", "uid": 0}
  actual:   {"gid": 1001, "mode": 420, "path": "/usr/share/awk/readable.awk", "sha256": "06e27abeb78eff929cb1f44256f195fe2d86ebb62814f731f420df286c8f1094", "size": 489, "type": "file", "uid": 1001}
MISMATCH /usr/share/awk/readfile.awk
  expected: {"gid": 0, "mode": 420, "path": "/usr/share/awk/readfile.awk", "sha256": "751d619465eb57c9d6314eb2a97e783ff84ff108cd1c4efeff8f62400dd77609", "size": 267, "type": "file", "uid": 0}
  actual:   {"gid": 1001, "mode": 420, "path": "/usr/share/awk/readfile.awk", "sha256": "751d619465eb57c9d6314eb2a97e783ff84ff108cd1c4efeff8f62400dd77609", "size": 267, "type": "file", "uid": 1001}
MISMATCH /usr/share/awk/rewind.awk
  expected: {"gid": 0, "mode": 420, "path": "/usr/share/awk/rewind.awk", "sha256": "878279434b70956b26eca128a0939c1a14da97b1626fe402eb76d44485fbc268", "size": 404, "type": "file", "uid": 0}
  actual:   {"gid": 1001, "mode": 420, "path": "/usr/share/awk/rewind.awk", "sha256": "878279434b70956b26eca128a0939c1a14da97b1626fe402eb76d44485fbc268", "size": 404, "type": "file", "uid": 1001}
MISMATCH /usr/share/awk/round.awk
  expected: {"gid": 0, "mode": 420, "path": "/usr/share/awk/round.awk", "sha256": "28b705d2e2b01cc3ed450cc42e2ff99b058b55ef5a49cbc483aded7bdfa58aff", "size": 661, "type": "file", "uid": 0}
  actual:   {"gid": 1001, "mode": 420, "path": "/usr/share/awk/round.awk", "sha256": "28b705d2e2b01cc3ed450cc42e2ff99b058b55ef5a49cbc483aded7bdfa58aff", "size": 661, "type": "file", "uid": 1001}
MISMATCH /usr/share/awk/shellquote.awk
  expected: {"gid": 0, "mode": 420, "path": "/usr/share/awk/shellquote.awk", "sha256": "78e7df6e31f55536a4c3853f6d54644877aa892ed7fc6e1d4dc9080284d78565", "size": 472, "type": "file", "uid": 0}
  actual:   {"gid": 1001, "mode": 420, "path": "/usr/share/awk/shellquote.awk", "sha256": "78e7df6e31f55536a4c3853f6d54644877aa892ed7fc6e1d4dc9080284d78565", "size": 472, "type": "file", "uid": 1001}
MISMATCH /usr/share/awk/strtonum.awk
  expected: {"gid": 0, "mode": 420, "path": "/usr/share/awk/strtonum.awk", "sha256": "abd27d285278e83655617efbd8e09b5f5271dd6ede37847b0ebd6632be2dde74", "size": 1454, "type": "file", "uid": 0}
  actual:   {"gid": 1001, "mode": 420, "path": "/usr/share/awk/strtonum.awk", "sha256": "abd27d285278e83655617efbd8e09b5f5271dd6ede37847b0ebd6632be2dde74", "size": 1454, "type": "file", "uid": 1001}
MISMATCH /usr/share/awk/tocsv.awk
  expected: {"gid": 0, "mode": 420, "path": "/usr/share/awk/tocsv.awk", "sha256": "a0b55efb4b9a988cf0d45afb9bbd85ddd7651680c881ffcb376d4ee5d238b274", "size": 854, "type": "file", "uid": 0}
  actual:   {"gid": 1001, "mode": 420, "path": "/usr/share/awk/tocsv.awk", "sha256": "a0b55efb4b9a988cf0d45afb9bbd85ddd7651680c881ffcb376d4ee5d238b274", "size": 854, "type": "file", "uid": 1001}
MISMATCH /usr/share/awk/walkarray.awk
  expected: {"gid": 0, "mode": 420, "path": "/usr/share/awk/walkarray.awk", "sha256": "3a7f02f135e91bbf1c1cd498ea0e1489802d58c83bb4d112c0a407593db31dd8", "size": 214, "type": "file", "uid": 0}
  actual:   {"gid": 1001, "mode": 420, "path": "/usr/share/awk/walkarray.awk", "sha256": "3a7f02f135e91bbf1c1cd498ea0e1489802d58c83bb4d112c0a407593db31dd8", "size": 214, "type": "file", "uid": 1001}
MISMATCH /usr/share/awk/zerofile.awk
  expected: {"gid": 0, "mode": 420, "path": "/usr/share/awk/zerofile.awk", "sha256": "c20a5e00b43fbfb9ea420da93f64422ce13d4aebb3b725e2ac3ba0102f169bee", "size": 424, "type": "file", "uid": 0}
  actual:   {"gid": 1001, "mode": 420, "path": "/usr/share/awk/zerofile.awk", "sha256": "c20a5e00b43fbfb9ea420da93f64422ce13d4aebb3b725e2ac3ba0102f169bee", "size": 424, "type": "file", "uid": 1001}
MISMATCH /usr/share/info
  expected: {"gid": 0, "mode": 493, "path": "/usr/share/info", "type": "directory", "uid": 0}
  actual:   {"gid": 1001, "mode": 509, "path": "/usr/share/info", "type": "directory", "uid": 1001}
MISMATCH /usr/share/info/gawk.info
  expected: {"gid": 0, "mode": 420, "path": "/usr/share/info/gawk.info", "sha256": "fda0af2701d76b0ccd2131fde871ebe6087e7054961df83e8a58175625225688", "size": 1824558, "type": "file", "uid": 0}
  actual:   MISSING
MISMATCH /usr/share/info/gawk_api-figure1.png
  expected: {"gid": 0, "mode": 420, "path": "/usr/share/info/gawk_api-figure1.png", "sha256": "41e42a3d6934d030133f6cd2c3efdcf41c6bb01ce9c3efbec095dc001fdccbb2", "size": 16357, "type": "file", "uid": 0}
  actual:   MISSING
MISMATCH /usr/share/info/gawk_api-figure2.png
  expected: {"gid": 0, "mode": 420, "path": "/usr/share/info/gawk_api-figure2.png", "sha256": "041787ff295495430fcb207791ed9be2a790609b7b403b0b97ff4908d457b67a", "size": 21581, "type": "file", "uid": 0}
  actual:   MISSING
MISMATCH /usr/share/info/gawk_api-figure3.png
  expected: {"gid": 0, "mode": 420, "path": "/usr/share/info/gawk_api-figure3.png", "sha256": "98e28671fe6b83eb18af7942d29b730638c556b548b78a8a38d2c639919d9afa", "size": 20460, "type": "file", "uid": 0}
  actual:   MISSING
MISMATCH /usr/share/info/gawk_array-elements.png
  expected: {"gid": 0, "mode": 420, "path": "/usr/share/info/gawk_array-elements.png", "sha256": "452e2a51e60558f5bbe744c14bf085328c89b1b66e112835b3b6c98c9b9a4f58", "size": 6091, "type": "file", "uid": 0}
  actual:   MISSING
MISMATCH /usr/share/info/gawk_general-program.png
  expected: {"gid": 0, "mode": 420, "path": "/usr/share/info/gawk_general-program.png", "sha256": "98a9ea38ab5764a614273faf5aa5b359f95a2b9d8782d77986cbbfc3515e0f90", "size": 6078, "type": "file", "uid": 0}
  actual:   MISSING
MISMATCH /usr/share/info/gawk_process-flow.png
  expected: {"gid": 0, "mode": 420, "path": "/usr/share/info/gawk_process-flow.png", "sha256": "33dd3a96fb977c56aeab7d63893ac72a0ce1f157667e88cd5cb2b7cf93c596fb", "size": 7856, "type": "file", "uid": 0}
  actual:   MISSING
MISMATCH /usr/share/info/gawk_statist.jpg
  expected: {"gid": 0, "mode": 420, "path": "/usr/share/info/gawk_statist.jpg", "sha256": "99c2883a5fb95fa4e69f929cc12f4dca039af30da85c30970af5f18d81f1c4ce", "size": 66874, "type": "file", "uid": 0}
  actual:   MISSING
MISMATCH /usr/share/info/gawkinet.info
  expected: {"gid": 0, "mode": 420, "path": "/usr/share/info/gawkinet.info", "sha256": "b2ee8b41c05f36ec66ebf72c77a6f1082b59b73acce40776bddc8a7ff0dea6ff", "size": 216242, "type": "file", "uid": 0}
  actual:   MISSING
MISMATCH /usr/share/info/gawkworkflow.info
  expected: {"gid": 0, "mode": 420, "path": "/usr/share/info/gawkworkflow.info", "sha256": "ad21c4f67bffbda8eb2433518fb98437db1ede61a2267da11145e936b21075ff", "size": 91755, "type": "file", "uid": 0}
  actual:   MISSING
MISMATCH /usr/share/info/pm-gawk.info
  expected: {"gid": 0, "mode": 420, "path": "/usr/share/info/pm-gawk.info", "sha256": "0d917758c5ca46b19e922da2ec2a10ec155798230db3f0e8e345f56f6288d69f", "size": 66510, "type": "file", "uid": 0}
  actual:   MISSING
MISMATCH /usr/share/locale
  expected: {"gid": 0, "mode": 493, "path": "/usr/share/locale", "type": "directory", "uid": 0}
  actual:   {"gid": 1001, "mode": 509, "path": "/usr/share/locale", "type": "directory", "uid": 1001}
MISMATCH /usr/share/locale/bg
  expected: {"gid": 0, "mode": 493, "path": "/usr/share/locale/bg", "type": "directory", "uid": 0}
  actual:   {"gid": 1001, "mode": 509, "path": "/usr/share/locale/bg", "type": "directory", "uid": 1001}
MISMATCH /usr/share/locale/bg/LC_MESSAGES
  expected: {"gid": 0, "mode": 493, "path": "/usr/share/locale/bg/LC_MESSAGES", "type": "directory", "uid": 0}
  actual:   {"gid": 1001, "mode": 509, "path": "/usr/share/locale/bg/LC_MESSAGES", "type": "directory", "uid": 1001}
MISMATCH /usr/share/locale/bg/LC_MESSAGES/gawk.mo
  expected: {"gid": 0, "mode": 420, "path": "/usr/share/locale/bg/LC_MESSAGES/gawk.mo", "sha256": "cfa118687122bca4b5c5fb900c2ef7e77c8cc2a01c8a1009f200c5aaee02f495", "size": 121584, "type": "file", "uid": 0}
  actual:   {"gid": 1001, "mode": 420, "path": "/usr/share/locale/bg/LC_MESSAGES/gawk.mo", "sha256": "cfa118687122bca4b5c5fb900c2ef7e77c8cc2a01c8a1009f200c5aaee02f495", "size": 121584, "type": "file", "uid": 1001}
MISMATCH /usr/share/locale/ca
  expected: {"gid": 0, "mode": 493, "path": "/usr/share/locale/ca", "type": "directory", "uid": 0}
  actual:   {"gid": 1001, "mode": 509, "path": "/usr/share/locale/ca", "type": "directory", "uid": 1001}
MISMATCH /usr/share/locale/ca/LC_MESSAGES
  expected: {"gid": 0, "mode": 493, "path": "/usr/share/locale/ca/LC_MESSAGES", "type": "directory", "uid": 0}
  actual:   {"gid": 1001, "mode": 509, "path": "/usr/share/locale/ca/LC_MESSAGES", "type": "directory", "uid": 1001}
MISMATCH /usr/share/locale/ca/LC_MESSAGES/gawk.mo
  expected: {"gid": 0, "mode": 420, "path": "/usr/share/locale/ca/LC_MESSAGES/gawk.mo", "sha256": "1b2ca764449906fe6d894993f03c961d03d5cf8fdea78f309ac3e05693e0fa85", "size": 48698, "type": "file", "uid": 0}
  actual:   {"gid": 1001, "mode": 420, "path": "/usr/share/locale/ca/LC_MESSAGES/gawk.mo", "sha256": "1b2ca764449906fe6d894993f03c961d03d5cf8fdea78f309ac3e05693e0fa85", "size": 48698, "type": "file", "uid": 1001}
MISMATCH /usr/share/locale/da
  expected: {"gid": 0, "mode": 493, "path": "/usr/share/locale/da", "type": "directory", "uid": 0}
  actual:   {"gid": 1001, "mode": 509, "path": "/usr/share/locale/da", "type": "directory", "uid": 1001}
MISMATCH /usr/share/locale/da/LC_MESSAGES
  expected: {"gid": 0, "mode": 493, "path": "/usr/share/locale/da/LC_MESSAGES", "type": "directory", "uid": 0}
  actual:   {"gid": 1001, "mode": 509, "path": "/usr/share/locale/da/LC_MESSAGES", "type": "directory", "uid": 1001}
MISMATCH /usr/share/locale/da/LC_MESSAGES/gawk.mo
  expected: {"gid": 0, "mode": 420, "path": "/usr/share/locale/da/LC_MESSAGES/gawk.mo", "sha256": "4355ab86479b3bf95fbb6c013d93a50535c479d32391ba86e9ae995b5ca5deeb", "size": 33958, "type": "file", "uid": 0}
  actual:   {"gid": 1001, "mode": 420, "path": "/usr/share/locale/da/LC_MESSAGES/gawk.mo", "sha256": "4355ab86479b3bf95fbb6c013d93a50535c479d32391ba86e9ae995b5ca5deeb", "size": 33958, "type": "file", "uid": 1001}
MISMATCH /usr/share/locale/de
  expected: {"gid": 0, "mode": 493, "path": "/usr/share/locale/de", "type": "directory", "uid": 0}
  actual:   {"gid": 1001, "mode": 509, "path": "/usr/share/locale/de", "type": "directory", "uid": 1001}
MISMATCH /usr/share/locale/de/LC_MESSAGES
  expected: {"gid": 0, "mode": 493, "path": "/usr/share/locale/de/LC_MESSAGES", "type": "directory", "uid": 0}
  actual:   {"gid": 1001, "mode": 509, "path": "/usr/share/locale/de/LC_MESSAGES", "type": "directory", "uid": 1001}
MISMATCH /usr/share/locale/de/LC_MESSAGES/gawk.mo
  expected: {"gid": 0, "mode": 420, "path": "/usr/share/locale/de/LC_MESSAGES/gawk.mo", "sha256": "b36785dc64a648f8e33e2222b378fb71e8267dc46a25f29ffb06407232c7de1d", "size": 93933, "type": "file", "uid": 0}
  actual:   {"gid": 1001, "mode": 420, "path": "/usr/share/locale/de/LC_MESSAGES/gawk.mo", "sha256": "b36785dc64a648f8e33e2222b378fb71e8267dc46a25f29ffb06407232c7de1d", "size": 93933, "type": "file", "uid": 1001}
MISMATCH /usr/share/locale/es
  expected: {"gid": 0, "mode": 493, "path": "/usr/share/locale/es", "type": "directory", "uid": 0}
  actual:   {"gid": 1001, "mode": 509, "path": "/usr/share/locale/es", "type": "directory", "uid": 1001}
MISMATCH /usr/share/locale/es/LC_MESSAGES
  expected: {"gid": 0, "mode": 493, "path": "/usr/share/locale/es/LC_MESSAGES", "type": "directory", "uid": 0}
  actual:   {"gid": 1001, "mode": 509, "path": "/usr/share/locale/es/LC_MESSAGES", "type": "directory", "uid": 1001}
MISMATCH /usr/share/locale/es/LC_MESSAGES/gawk.mo
  expected: {"gid": 0, "mode": 420, "path": "/usr/share/locale/es/LC_MESSAGES/gawk.mo", "sha256": "9dc20ad5d30d5c4b7042792379ad84d094ac021424adf063c3ec8d28a9468065", "size": 92353, "type": "file", "uid": 0}
  actual:   {"gid": 1001, "mode": 420, "path": "/usr/share/locale/es/LC_MESSAGES/gawk.mo", "sha256": "9dc20ad5d30d5c4b7042792379ad84d094ac021424adf063c3ec8d28a9468065", "size": 92353, "type": "file", "uid": 1001}
MISMATCH /usr/share/locale/fi
  expected: {"gid": 0, "mode": 493, "path": "/usr/share/locale/fi", "type": "directory", "uid": 0}
  actual:   {"gid": 1001, "mode": 509, "path": "/usr/share/locale/fi", "type": "directory", "uid": 1001}
MISMATCH /usr/share/locale/fi/LC_MESSAGES
  expected: {"gid": 0, "mode": 493, "path": "/usr/share/locale/fi/LC_MESSAGES", "type": "directory", "uid": 0}
  actual:   {"gid": 1001, "mode": 509, "path": "/usr/share/locale/fi/LC_MESSAGES", "type": "directory", "uid": 1001}
MISMATCH /usr/share/locale/fi/LC_MESSAGES/gawk.mo
  expected: {"gid": 0, "mode": 420, "path": "/usr/share/locale/fi/LC_MESSAGES/gawk.mo", "sha256": "1a9f0f02515c4f926a08a46a362db49fd38220cfa922948710ed9739cebecfdc", "size": 54007, "type": "file", "uid": 0}
  actual:   {"gid": 1001, "mode": 420, "path": "/usr/share/locale/fi/LC_MESSAGES/gawk.mo", "sha256": "1a9f0f02515c4f926a08a46a362db49fd38220cfa922948710ed9739cebecfdc", "size": 54007, "type": "file", "uid": 1001}
MISMATCH /usr/share/locale/fr
  expected: {"gid": 0, "mode": 493, "path": "/usr/share/locale/fr", "type": "directory", "uid": 0}
  actual:   {"gid": 1001, "mode": 509, "path": "/usr/share/locale/fr", "type": "directory", "uid": 1001}
MISMATCH /usr/share/locale/fr/LC_MESSAGES
  expected: {"gid": 0, "mode": 493, "path": "/usr/share/locale/fr/LC_MESSAGES", "type": "directory", "uid": 0}
  actual:   {"gid": 1001, "mode": 509, "path": "/usr/share/locale/fr/LC_MESSAGES", "type": "directory", "uid": 1001}
MISMATCH /usr/share/locale/fr/LC_MESSAGES/gawk.mo
  expected: {"gid": 0, "mode": 420, "path": "/usr/share/locale/fr/LC_MESSAGES/gawk.mo", "sha256": "d2b9c565c3cc9db497813cd7476da521abcefd1a20891bc58d92d88cf9792ffd", "size": 94188, "type": "file", "uid": 0}
  actual:   {"gid": 1001, "mode": 420, "path": "/usr/share/locale/fr/LC_MESSAGES/gawk.mo", "sha256": "d2b9c565c3cc9db497813cd7476da521abcefd1a20891bc58d92d88cf9792ffd", "size": 94188, "type": "file", "uid": 1001}
MISMATCH /usr/share/locale/id
  expected: {"gid": 0, "mode": 493, "path": "/usr/share/locale/id", "type": "directory", "uid": 0}
  actual:   {"gid": 1001, "mode": 509, "path": "/usr/share/locale/id", "type": "directory", "uid": 1001}
MISMATCH /usr/share/locale/id/LC_MESSAGES
  expected: {"gid": 0, "mode": 493, "path": "/usr/share/locale/id/LC_MESSAGES", "type": "directory", "uid": 0}
  actual:   {"gid": 1001, "mode": 509, "path": "/usr/share/locale/id/LC_MESSAGES", "type": "directory", "uid": 1001}
MISMATCH /usr/share/locale/id/LC_MESSAGES/gawk.mo
  expected: {"gid": 0, "mode": 420, "path": "/usr/share/locale/id/LC_MESSAGES/gawk.mo", "sha256": "916b01b0a90c98417366e2c331ff44110244a8d35969a1405f270d3f89b461e9", "size": 88566, "type": "file", "uid": 0}
  actual:   {"gid": 1001, "mode": 420, "path": "/usr/share/locale/id/LC_MESSAGES/gawk.mo", "sha256": "916b01b0a90c98417366e2c331ff44110244a8d35969a1405f270d3f89b461e9", "size": 88566, "type": "file", "uid": 1001}
MISMATCH /usr/share/locale/it
  expected: {"gid": 0, "mode": 493, "path": "/usr/share/locale/it", "type": "directory", "uid": 0}
  actual:   {"gid": 1001, "mode": 509, "path": "/usr/share/locale/it", "type": "directory", "uid": 1001}
MISMATCH /usr/share/locale/it/LC_MESSAGES
  expected: {"gid": 0, "mode": 493, "path": "/usr/share/locale/it/LC_MESSAGES", "type": "directory", "uid": 0}
  actual:   {"gid": 1001, "mode": 509, "path": "/usr/share/locale/it/LC_MESSAGES", "type": "directory", "uid": 1001}
MISMATCH /usr/share/locale/it/LC_MESSAGES/gawk.mo
  expected: {"gid": 0, "mode": 420, "path": "/usr/share/locale/it/LC_MESSAGES/gawk.mo", "sha256": "bafd34e0118722fed7211b8e1da5220e548b574a7f8b7576d6d2e909061cdf04", "size": 89821, "type": "file", "uid": 0}
  actual:   {"gid": 1001, "mode": 420, "path": "/usr/share/locale/it/LC_MESSAGES/gawk.mo", "sha256": "bafd34e0118722fed7211b8e1da5220e548b574a7f8b7576d6d2e909061cdf04", "size": 89821, "type": "file", "uid": 1001}
MISMATCH /usr/share/locale/ja
  expected: {"gid": 0, "mode": 493, "path": "/usr/share/locale/ja", "type": "directory", "uid": 0}
  actual:   {"gid": 1001, "mode": 509, "path": "/usr/share/locale/ja", "type": "directory", "uid": 1001}
MISMATCH /usr/share/locale/ja/LC_MESSAGES
  expected: {"gid": 0, "mode": 493, "path": "/usr/share/locale/ja/LC_MESSAGES", "type": "directory", "uid": 0}
  actual:   {"gid": 1001, "mode": 509, "path": "/usr/share/locale/ja/LC_MESSAGES", "type": "directory", "uid": 1001}
MISMATCH /usr/share/locale/ja/LC_MESSAGES/gawk.mo
  expected: {"gid": 0, "mode": 420, "path": "/usr/share/locale/ja/LC_MESSAGES/gawk.mo", "sha256": "ec2ee1a75aa5c1f211492b9ac1a65e135a3bc7146922cbbef5f18f4db5a02c0a", "size": 34352, "type": "file", "uid": 0}
  actual:   {"gid": 1001, "mode": 420, "path": "/usr/share/locale/ja/LC_MESSAGES/gawk.mo", "sha256": "ec2ee1a75aa5c1f211492b9ac1a65e135a3bc7146922cbbef5f18f4db5a02c0a", "size": 34352, "type": "file", "uid": 1001}
MISMATCH /usr/share/locale/ka
  expected: {"gid": 0, "mode": 493, "path": "/usr/share/locale/ka", "type": "directory", "uid": 0}
  actual:   {"gid": 1001, "mode": 509, "path": "/usr/share/locale/ka", "type": "directory", "uid": 1001}
MISMATCH /usr/share/locale/ka/LC_MESSAGES
  expected: {"gid": 0, "mode": 493, "path": "/usr/share/locale/ka/LC_MESSAGES", "type": "directory", "uid": 0}
  actual:   {"gid": 1001, "mode": 509, "path": "/usr/share/locale/ka/LC_MESSAGES", "type": "directory", "uid": 1001}
MISMATCH /usr/share/locale/ka/LC_MESSAGES/gawk.mo
  expected: {"gid": 0, "mode": 420, "path": "/usr/share/locale/ka/LC_MESSAGES/gawk.mo", "sha256": "cdf2b2240659046c6e0a77f94606171cfc4cfbbb9a13a47cd992a37698d84396", "size": 8207, "type": "file", "uid": 0}
  actual:   {"gid": 1001, "mode": 420, "path": "/usr/share/locale/ka/LC_MESSAGES/gawk.mo", "sha256": "cdf2b2240659046c6e0a77f94606171cfc4cfbbb9a13a47cd992a37698d84396", "size": 8207, "type": "file", "uid": 1001}
MISMATCH /usr/share/locale/ko
  expected: {"gid": 0, "mode": 493, "path": "/usr/share/locale/ko", "type": "directory", "uid": 0}
  actual:   {"gid": 1001, "mode": 509, "path": "/usr/share/locale/ko", "type": "directory", "uid": 1001}
MISMATCH /usr/share/locale/ko/LC_MESSAGES
  expected: {"gid": 0, "mode": 493, "path": "/usr/share/locale/ko/LC_MESSAGES", "type": "directory", "uid": 0}
  actual:   {"gid": 1001, "mode": 509, "path": "/usr/share/locale/ko/LC_MESSAGES", "type": "directory", "uid": 1001}
MISMATCH /usr/share/locale/ko/LC_MESSAGES/gawk.mo
  expected: {"gid": 0, "mode": 420, "path": "/usr/share/locale/ko/LC_MESSAGES/gawk.mo", "sha256": "e9779d7dade64bd16be468cc62709afe8e6cfa78a663a4e74c4f64015c35ea82", "size": 97468, "type": "file", "uid": 0}
  actual:   {"gid": 1001, "mode": 420, "path": "/usr/share/locale/ko/LC_MESSAGES/gawk.mo", "sha256": "e9779d7dade64bd16be468cc62709afe8e6cfa78a663a4e74c4f64015c35ea82", "size": 97468, "type": "file", "uid": 1001}
MISMATCH /usr/share/locale/ms
  expected: {"gid": 0, "mode": 493, "path": "/usr/share/locale/ms", "type": "directory", "uid": 0}
  actual:   {"gid": 1001, "mode": 509, "path": "/usr/share/locale/ms", "type": "directory", "uid": 1001}
MISMATCH /usr/share/locale/ms/LC_MESSAGES
  expected: {"gid": 0, "mode": 493, "path": "/usr/share/locale/ms/LC_MESSAGES", "type": "directory", "uid": 0}
  actual:   {"gid": 1001, "mode": 509, "path": "/usr/share/locale/ms/LC_MESSAGES", "type": "directory", "uid": 1001}
MISMATCH /usr/share/locale/ms/LC_MESSAGES/gawk.mo
  expected: {"gid": 0, "mode": 420, "path": "/usr/share/locale/ms/LC_MESSAGES/gawk.mo", "sha256": "40dd52656bd631fbb771de145c080507053c4e4042eac2f5febbadd9d02119bf", "size": 1041, "type": "file", "uid": 0}
  actual:   {"gid": 1001, "mode": 420, "path": "/usr/share/locale/ms/LC_MESSAGES/gawk.mo", "sha256": "40dd52656bd631fbb771de145c080507053c4e4042eac2f5febbadd9d02119bf", "size": 1041, "type": "file", "uid": 1001}
MISMATCH /usr/share/locale/nl
  expected: {"gid": 0, "mode": 493, "path": "/usr/share/locale/nl", "type": "directory", "uid": 0}
  actual:   {"gid": 1001, "mode": 509, "path": "/usr/share/locale/nl", "type": "directory", "uid": 1001}
MISMATCH /usr/share/locale/nl/LC_MESSAGES
  expected: {"gid": 0, "mode": 493, "path": "/usr/share/locale/nl/LC_MESSAGES", "type": "directory", "uid": 0}
  actual:   {"gid": 1001, "mode": 509, "path": "/usr/share/locale/nl/LC_MESSAGES", "type": "directory", "uid": 1001}
MISMATCH /usr/share/locale/nl/LC_MESSAGES/gawk.mo
  expected: {"gid": 0, "mode": 420, "path": "/usr/share/locale/nl/LC_MESSAGES/gawk.mo", "sha256": "b1ee5f5951f8277415414570bbea38eb17433575dc633c3fb2f7fbc2f01cae83", "size": 65683, "type": "file", "uid": 0}
  actual:   {"gid": 1001, "mode": 420, "path": "/usr/share/locale/nl/LC_MESSAGES/gawk.mo", "sha256": "b1ee5f5951f8277415414570bbea38eb17433575dc633c3fb2f7fbc2f01cae83", "size": 65683, "type": "file", "uid": 1001}
MISMATCH /usr/share/locale/pl
  expected: {"gid": 0, "mode": 493, "path": "/usr/share/locale/pl", "type": "directory", "uid": 0}
  actual:   {"gid": 1001, "mode": 509, "path": "/usr/share/locale/pl", "type": "directory", "uid": 1001}
MISMATCH /usr/share/locale/pl/LC_MESSAGES
  expected: {"gid": 0, "mode": 493, "path": "/usr/share/locale/pl/LC_MESSAGES", "type": "directory", "uid": 0}
  actual:   {"gid": 1001, "mode": 509, "path": "/usr/share/locale/pl/LC_MESSAGES", "type": "directory", "uid": 1001}
MISMATCH /usr/share/locale/pl/LC_MESSAGES/gawk.mo
  expected: {"gid": 0, "mode": 420, "path": "/usr/share/locale/pl/LC_MESSAGES/gawk.mo", "sha256": "c076f9d8e4cea6f46f838034897bcbdc938865e96345218c502cb93941c1b268", "size": 91814, "type": "file", "uid": 0}
  actual:   {"gid": 1001, "mode": 420, "path": "/usr/share/locale/pl/LC_MESSAGES/gawk.mo", "sha256": "c076f9d8e4cea6f46f838034897bcbdc938865e96345218c502cb93941c1b268", "size": 91814, "type": "file", "uid": 1001}
MISMATCH /usr/share/locale/pt
  expected: {"gid": 0, "mode": 493, "path": "/usr/share/locale/pt", "type": "directory", "uid": 0}
  actual:   {"gid": 1001, "mode": 509, "path": "/usr/share/locale/pt", "type": "directory", "uid": 1001}
MISMATCH /usr/share/locale/pt/LC_MESSAGES
  expected: {"gid": 0, "mode": 493, "path": "/usr/share/locale/pt/LC_MESSAGES", "type": "directory", "uid": 0}
  actual:   {"gid": 1001, "mode": 509, "path": "/usr/share/locale/pt/LC_MESSAGES", "type": "directory", "uid": 1001}
MISMATCH /usr/share/locale/pt/LC_MESSAGES/gawk.mo
  expected: {"gid": 0, "mode": 420, "path": "/usr/share/locale/pt/LC_MESSAGES/gawk.mo", "sha256": "0d72fdfcb58c33fe8785f72fd5d69e434530395b467669a99247be0833f998a6", "size": 88882, "type": "file", "uid": 0}
  actual:   {"gid": 1001, "mode": 420, "path": "/usr/share/locale/pt/LC_MESSAGES/gawk.mo", "sha256": "0d72fdfcb58c33fe8785f72fd5d69e434530395b467669a99247be0833f998a6", "size": 88882, "type": "file", "uid": 1001}
MISMATCH /usr/share/locale/pt_BR
  expected: {"gid": 0, "mode": 493, "path": "/usr/share/locale/pt_BR", "type": "directory", "uid": 0}
  actual:   {"gid": 1001, "mode": 509, "path": "/usr/share/locale/pt_BR", "type": "directory", "uid": 1001}
MISMATCH /usr/share/locale/pt_BR/LC_MESSAGES
  expected: {"gid": 0, "mode": 493, "path": "/usr/share/locale/pt_BR/LC_MESSAGES", "type": "directory", "uid": 0}
  actual:   {"gid": 1001, "mode": 509, "path": "/usr/share/locale/pt_BR/LC_MESSAGES", "type": "directory", "uid": 1001}
MISMATCH /usr/share/locale/pt_BR/LC_MESSAGES/gawk.mo
  expected: {"gid": 0, "mode": 420, "path": "/usr/share/locale/pt_BR/LC_MESSAGES/gawk.mo", "sha256": "1486c79eedb1edf24ff5636edea20e29e2b3f6e8993fb4a76993154fb9c25f83", "size": 83119, "type": "file", "uid": 0}
  actual:   {"gid": 1001, "mode": 420, "path": "/usr/share/locale/pt_BR/LC_MESSAGES/gawk.mo", "sha256": "1486c79eedb1edf24ff5636edea20e29e2b3f6e8993fb4a76993154fb9c25f83", "size": 83119, "type": "file", "uid": 1001}
MISMATCH /usr/share/locale/ro
  expected: {"gid": 0, "mode": 493, "path": "/usr/share/locale/ro", "type": "directory", "uid": 0}
  actual:   {"gid": 1001, "mode": 509, "path": "/usr/share/locale/ro", "type": "directory", "uid": 1001}
MISMATCH /usr/share/locale/ro/LC_MESSAGES
  expected: {"gid": 0, "mode": 493, "path": "/usr/share/locale/ro/LC_MESSAGES", "type": "directory", "uid": 0}
  actual:   {"gid": 1001, "mode": 509, "path": "/usr/share/locale/ro/LC_MESSAGES", "type": "directory", "uid": 1001}
MISMATCH /usr/share/locale/ro/LC_MESSAGES/gawk.mo
  expected: {"gid": 0, "mode": 420, "path": "/usr/share/locale/ro/LC_MESSAGES/gawk.mo", "sha256": "b3f56e109e1b520e676f25a997465ad4acf8caf2b0debad94d7fcb653032c9fa", "size": 94751, "type": "file", "uid": 0}
  actual:   {"gid": 1001, "mode": 420, "path": "/usr/share/locale/ro/LC_MESSAGES/gawk.mo", "sha256": "b3f56e109e1b520e676f25a997465ad4acf8caf2b0debad94d7fcb653032c9fa", "size": 94751, "type": "file", "uid": 1001}
MISMATCH /usr/share/locale/sr
  expected: {"gid": 0, "mode": 493, "path": "/usr/share/locale/sr", "type": "directory", "uid": 0}
  actual:   {"gid": 1001, "mode": 509, "path": "/usr/share/locale/sr", "type": "directory", "uid": 1001}
MISMATCH /usr/share/locale/sr/LC_MESSAGES
  expected: {"gid": 0, "mode": 493, "path": "/usr/share/locale/sr/LC_MESSAGES", "type": "directory", "uid": 0}
  actual:   {"gid": 1001, "mode": 509, "path": "/usr/share/locale/sr/LC_MESSAGES", "type": "directory", "uid": 1001}
MISMATCH /usr/share/locale/sr/LC_MESSAGES/gawk.mo
  expected: {"gid": 0, "mode": 420, "path": "/usr/share/locale/sr/LC_MESSAGES/gawk.mo", "sha256": "bed40a6af90ceabd4110086dea15dfb8ad9112ccaef224c46e718c3c56511476", "size": 113758, "type": "file", "uid": 0}
  actual:   {"gid": 1001, "mode": 420, "path": "/usr/share/locale/sr/LC_MESSAGES/gawk.mo", "sha256": "bed40a6af90ceabd4110086dea15dfb8ad9112ccaef224c46e718c3c56511476", "size": 113758, "type": "file", "uid": 1001}
MISMATCH /usr/share/locale/sv
  expected: {"gid": 0, "mode": 493, "path": "/usr/share/locale/sv", "type": "directory", "uid": 0}
  actual:   {"gid": 1001, "mode": 509, "path": "/usr/share/locale/sv", "type": "directory", "uid": 1001}
MISMATCH /usr/share/locale/sv/LC_MESSAGES
  expected: {"gid": 0, "mode": 493, "path": "/usr/share/locale/sv/LC_MESSAGES", "type": "directory", "uid": 0}
  actual:   {"gid": 1001, "mode": 509, "path": "/usr/share/locale/sv/LC_MESSAGES", "type": "directory", "uid": 1001}
MISMATCH /usr/share/locale/sv/LC_MESSAGES/gawk.mo
  expected: {"gid": 0, "mode": 420, "path": "/usr/share/locale/sv/LC_MESSAGES/gawk.mo", "sha256": "6953d8f7e5b583965a509af2c736cee7bddc3e28732118c2a644fa1f7d3b2ab9", "size": 89828, "type": "file", "uid": 0}
  actual:   {"gid": 1001, "mode": 420, "path": "/usr/share/locale/sv/LC_MESSAGES/gawk.mo", "sha256": "6953d8f7e5b583965a509af2c736cee7bddc3e28732118c2a644fa1f7d3b2ab9", "size": 89828, "type": "file", "uid": 1001}
MISMATCH /usr/share/locale/tr
  expected: {"gid": 0, "mode": 493, "path": "/usr/share/locale/tr", "type": "directory", "uid": 0}
  actual:   {"gid": 1001, "mode": 509, "path": "/usr/share/locale/tr", "type": "directory", "uid": 1001}
MISMATCH /usr/share/locale/tr/LC_MESSAGES
  expected: {"gid": 0, "mode": 493, "path": "/usr/share/locale/tr/LC_MESSAGES", "type": "directory", "uid": 0}
  actual:   {"gid": 1001, "mode": 509, "path": "/usr/share/locale/tr/LC_MESSAGES", "type": "directory", "uid": 1001}
MISMATCH /usr/share/locale/tr/LC_MESSAGES/gawk.mo
  expected: {"gid": 0, "mode": 420, "path": "/usr/share/locale/tr/LC_MESSAGES/gawk.mo", "sha256": "5d82df34a385fdd7a21b65dee3c2183cffb24dbc1465e0ba697ab3e43eac7843", "size": 87012, "type": "file", "uid": 0}
  actual:   {"gid": 1001, "mode": 420, "path": "/usr/share/locale/tr/LC_MESSAGES/gawk.mo", "sha256": "5d82df34a385fdd7a21b65dee3c2183cffb24dbc1465e0ba697ab3e43eac7843", "size": 87012, "type": "file", "uid": 1001}
MISMATCH /usr/share/locale/uk
  expected: {"gid": 0, "mode": 493, "path": "/usr/share/locale/uk", "type": "directory", "uid": 0}
  actual:   {"gid": 1001, "mode": 509, "path": "/usr/share/locale/uk", "type": "directory", "uid": 1001}
MISMATCH /usr/share/locale/uk/LC_MESSAGES
  expected: {"gid": 0, "mode": 493, "path": "/usr/share/locale/uk/LC_MESSAGES", "type": "directory", "uid": 0}
  actual:   {"gid": 1001, "mode": 509, "path": "/usr/share/locale/uk/LC_MESSAGES", "type": "directory", "uid": 1001}
MISMATCH /usr/share/locale/uk/LC_MESSAGES/gawk.mo
  expected: {"gid": 0, "mode": 420, "path": "/usr/share/locale/uk/LC_MESSAGES/gawk.mo", "sha256": "ca4ef2f446dc91c0ad93cc90b9cb4c39ebc8d409e13f94096a78648c9c96619c", "size": 114854, "type": "file", "uid": 0}
  actual:   {"gid": 1001, "mode": 420, "path": "/usr/share/locale/uk/LC_MESSAGES/gawk.mo", "sha256": "ca4ef2f446dc91c0ad93cc90b9cb4c39ebc8d409e13f94096a78648c9c96619c", "size": 114854, "type": "file", "uid": 1001}
MISMATCH /usr/share/locale/vi
  expected: {"gid": 0, "mode": 493, "path": "/usr/share/locale/vi", "type": "directory", "uid": 0}
  actual:   {"gid": 1001, "mode": 509, "path": "/usr/share/locale/vi", "type": "directory", "uid": 1001}
MISMATCH /usr/share/locale/vi/LC_MESSAGES
  expected: {"gid": 0, "mode": 493, "path": "/usr/share/locale/vi/LC_MESSAGES", "type": "directory", "uid": 0}
  actual:   {"gid": 1001, "mode": 509, "path": "/usr/share/locale/vi/LC_MESSAGES", "type": "directory", "uid": 1001}
MISMATCH /usr/share/locale/vi/LC_MESSAGES/gawk.mo
  expected: {"gid": 0, "mode": 420, "path": "/usr/share/locale/vi/LC_MESSAGES/gawk.mo", "sha256": "50e614ae830f2a3b9323050dd164ba9c65e4b142c7327a98c62487b4ae016a19", "size": 61178, "type": "file", "uid": 0}
  actual:   {"gid": 1001, "mode": 420, "path": "/usr/share/locale/vi/LC_MESSAGES/gawk.mo", "sha256": "50e614ae830f2a3b9323050dd164ba9c65e4b142c7327a98c62487b4ae016a19", "size": 61178, "type": "file", "uid": 1001}
MISMATCH /usr/share/locale/zh_CN
  expected: {"gid": 0, "mode": 493, "path": "/usr/share/locale/zh_CN", "type": "directory", "uid": 0}
  actual:   {"gid": 1001, "mode": 509, "path": "/usr/share/locale/zh_CN", "type": "directory", "uid": 1001}
MISMATCH /usr/share/locale/zh_CN/LC_MESSAGES
  expected: {"gid": 0, "mode": 493, "path": "/usr/share/locale/zh_CN/LC_MESSAGES", "type": "directory", "uid": 0}
  actual:   {"gid": 1001, "mode": 509, "path": "/usr/share/locale/zh_CN/LC_MESSAGES", "type": "directory", "uid": 1001}
MISMATCH /usr/share/locale/zh_CN/LC_MESSAGES/gawk.mo
  expected: {"gid": 0, "mode": 420, "path": "/usr/share/locale/zh_CN/LC_MESSAGES/gawk.mo", "sha256": "d9066c26ad8e3af4e6f440ab48827b1e6c211064e3720c96e8a71605c7f732a7", "size": 83805, "type": "file", "uid": 0}
  actual:   {"gid": 1001, "mode": 420, "path": "/usr/share/locale/zh_CN/LC_MESSAGES/gawk.mo", "sha256": "d9066c26ad8e3af4e6f440ab48827b1e6c211064e3720c96e8a71605c7f732a7", "size": 83805, "type": "file", "uid": 1001}
MISMATCH /usr/share/man/man1/awk.1
  expected: {"gid": 0, "mode": 511, "path": "/usr/share/man/man1/awk.1", "target": "gawk.1", "type": "symlink", "uid": 0}
  actual:   MISSING
MISMATCH /usr/share/man/man1/gawk.1
  expected: {"gid": 0, "mode": 420, "path": "/usr/share/man/man1/gawk.1", "sha256": "6917dd3335cd0c68e2d9a83a2ef888e6506a3f90f1ce0b077dc5b852ca507298", "size": 60347, "type": "file", "uid": 0}
  actual:   MISSING
MISMATCH /usr/share/man/man1/gawkbug.1
  expected: {"gid": 0, "mode": 420, "path": "/usr/share/man/man1/gawkbug.1", "sha256": "a38b98a8f092a13b0e8af51a64cf1cd81cab2cbbb86b0bf8e09ee7d294b292a6", "size": 1952, "type": "file", "uid": 0}
  actual:   MISSING
MISMATCH /usr/share/man/man1/pm-gawk.1
  expected: {"gid": 0, "mode": 420, "path": "/usr/share/man/man1/pm-gawk.1", "sha256": "e211cb80d75ef3b69ea72e86ed5df8aa7767eee3cc0f7fb571f9600522f4f556", "size": 5157, "type": "file", "uid": 0}
  actual:   MISSING
MISMATCH /usr/share/man/man3/filefuncs.3am
  expected: {"gid": 0, "mode": 420, "path": "/usr/share/man/man3/filefuncs.3am", "sha256": "c1a0484c97e0287509435bf45eb7a8e9683ba83d5506b7966ff13b42199dd926", "size": 10590, "type": "file", "uid": 0}
  actual:   MISSING
MISMATCH /usr/share/man/man3/fnmatch.3am
  expected: {"gid": 0, "mode": 420, "path": "/usr/share/man/man3/fnmatch.3am", "sha256": "dbce8fbf9f2f135a7046e22b7d262a65c1337fbb4888824b5bd2ec8658e12eb0", "size": 3109, "type": "file", "uid": 0}
  actual:   MISSING
MISMATCH /usr/share/man/man3/fork.3am
  expected: {"gid": 0, "mode": 420, "path": "/usr/share/man/man3/fork.3am", "sha256": "d3e6be8b2619cd9cec3775f72515159a67b8f03e37bfe6113044fb4f7b355ab3", "size": 2649, "type": "file", "uid": 0}
  actual:   MISSING
MISMATCH /usr/share/man/man3/inplace.3am
  expected: {"gid": 0, "mode": 420, "path": "/usr/share/man/man3/inplace.3am", "sha256": "270d686fe82222cbaf225829975142ced310a51d4fb43c2146769ee49e9b5784", "size": 3250, "type": "file", "uid": 0}
  actual:   MISSING
MISMATCH /usr/share/man/man3/ordchr.3am
  expected: {"gid": 0, "mode": 420, "path": "/usr/share/man/man3/ordchr.3am", "sha256": "fe8f8c792480b0301091ccb9e3db12e11c1433a97ddcd64551494187c8ccafa5", "size": 2204, "type": "file", "uid": 0}
  actual:   MISSING
MISMATCH /usr/share/man/man3/readdir.3am
  expected: {"gid": 0, "mode": 420, "path": "/usr/share/man/man3/readdir.3am", "sha256": "b49584513aae3a026202d5f944cf2dbf58b03d2a77c69b2e18139408773dde59", "size": 3258, "type": "file", "uid": 0}
  actual:   MISSING
MISMATCH /usr/share/man/man3/readfile.3am
  expected: {"gid": 0, "mode": 420, "path": "/usr/share/man/man3/readfile.3am", "sha256": "3e9cec15d472b87abe0a28e6f0ed6fcb01bc9c76372205078abde18323c7908a", "size": 2439, "type": "file", "uid": 0}
  actual:   MISSING
MISMATCH /usr/share/man/man3/revoutput.3am
  expected: {"gid": 0, "mode": 420, "path": "/usr/share/man/man3/revoutput.3am", "sha256": "0db3e1fad27c88568075b62fab7b088f63b8ff9c9e9206d8193cd449bd276087", "size": 2102, "type": "file", "uid": 0}
  actual:   MISSING
MISMATCH /usr/share/man/man3/revtwoway.3am
  expected: {"gid": 0, "mode": 420, "path": "/usr/share/man/man3/revtwoway.3am", "sha256": "1904e389aae34f41d565b34e357d203943e1f3270535716dc30a03e42cb3a2e0", "size": 1988, "type": "file", "uid": 0}
  actual:   MISSING
MISMATCH /usr/share/man/man3/rwarray.3am
  expected: {"gid": 0, "mode": 420, "path": "/usr/share/man/man3/rwarray.3am", "sha256": "a1ea43b761a0ef06b3fb69ec79a2591d16ea39efc5716b9e6fc43025d34407bf", "size": 4021, "type": "file", "uid": 0}
  actual:   MISSING
MISMATCH /usr/share/man/man3/time.3am
  expected: {"gid": 0, "mode": 420, "path": "/usr/share/man/man3/time.3am", "sha256": "424fee8854cd2c30046fdddb43712aa76dfffa5894f6d0276761fe53c25916a0", "size": 3724, "type": "file", "uid": 0}
  actual:   MISSING
package=gawk version=5.3.2 entries=160 matched=8 mismatched=152
