MISMATCH /usr/bin/egrep
  expected: {"gid": 0, "mode": 493, "path": "/usr/bin/egrep", "sha256": "ad97c743749dc13be686d432177e5cab65f759a135c188c90326975d78c54df6", "size": 103, "type": "file", "uid": 0}
  actual:   {"gid": 0, "mode": 493, "path": "/usr/bin/egrep", "sha256": "6848c4b9df827591f8af3d846c98b4766d262f06c440efb8b6535eb6accac084", "size": 102, "type": "file", "uid": 0}
MISMATCH /usr/bin/fgrep
  expected: {"gid": 0, "mode": 493, "path": "/usr/bin/fgrep", "sha256": "34b03f0a865fb9ad060c312393316b2c6c1d7fd9092590ddc168e72267bbb601", "size": 103, "type": "file", "uid": 0}
  actual:   {"gid": 0, "mode": 493, "path": "/usr/bin/fgrep", "sha256": "e512071d46a7816b96564588c5ebbd1b9189212aa4130e453eb7cdcaabd30f9a", "size": 102, "type": "file", "uid": 0}
MISMATCH /usr/bin/grep
  expected: {"gid": 0, "mode": 493, "path": "/usr/bin/grep", "sha256": "1790ea03f0d8330852136abce2bad492d450d8cd6e8d675b39c85525f5cd093e", "size": 765824, "type": "file", "uid": 0}
  actual:   {"gid": 0, "mode": 493, "path": "/usr/bin/grep", "sha256": "1dbd9bc32e6b4a0ac93f10eba0f4ba7ad44ab3da8370e29ef5a6f6d7dc052c17", "size": 749320, "type": "file", "uid": 0}
MISMATCH /usr/share/info
  expected: {"gid": 0, "mode": 493, "path": "/usr/share/info", "type": "directory", "uid": 0}
  actual:   {"gid": 1001, "mode": 509, "path": "/usr/share/info", "type": "directory", "uid": 1001}
MISMATCH /usr/share/locale
  expected: {"gid": 0, "mode": 493, "path": "/usr/share/locale", "type": "directory", "uid": 0}
  actual:   {"gid": 1001, "mode": 509, "path": "/usr/share/locale", "type": "directory", "uid": 1001}
MISMATCH /usr/share/locale/af
  expected: {"gid": 0, "mode": 493, "path": "/usr/share/locale/af", "type": "directory", "uid": 0}
  actual:   {"gid": 1001, "mode": 509, "path": "/usr/share/locale/af", "type": "directory", "uid": 1001}
MISMATCH /usr/share/locale/af/LC_MESSAGES
  expected: {"gid": 0, "mode": 493, "path": "/usr/share/locale/af/LC_MESSAGES", "type": "directory", "uid": 0}
  actual:   {"gid": 1001, "mode": 509, "path": "/usr/share/locale/af/LC_MESSAGES", "type": "directory", "uid": 1001}
MISMATCH /usr/share/locale/be
  expected: {"gid": 0, "mode": 493, "path": "/usr/share/locale/be", "type": "directory", "uid": 0}
  actual:   {"gid": 1001, "mode": 509, "path": "/usr/share/locale/be", "type": "directory", "uid": 1001}
MISMATCH /usr/share/locale/be/LC_MESSAGES
  expected: {"gid": 0, "mode": 493, "path": "/usr/share/locale/be/LC_MESSAGES", "type": "directory", "uid": 0}
  actual:   {"gid": 1001, "mode": 509, "path": "/usr/share/locale/be/LC_MESSAGES", "type": "directory", "uid": 1001}
MISMATCH /usr/share/locale/bg
  expected: {"gid": 0, "mode": 493, "path": "/usr/share/locale/bg", "type": "directory", "uid": 0}
  actual:   {"gid": 1001, "mode": 509, "path": "/usr/share/locale/bg", "type": "directory", "uid": 1001}
MISMATCH /usr/share/locale/bg/LC_MESSAGES
  expected: {"gid": 0, "mode": 493, "path": "/usr/share/locale/bg/LC_MESSAGES", "type": "directory", "uid": 0}
  actual:   {"gid": 1001, "mode": 509, "path": "/usr/share/locale/bg/LC_MESSAGES", "type": "directory", "uid": 1001}
MISMATCH /usr/share/locale/ca
  expected: {"gid": 0, "mode": 493, "path": "/usr/share/locale/ca", "type": "directory", "uid": 0}
  actual:   {"gid": 1001, "mode": 509, "path": "/usr/share/locale/ca", "type": "directory", "uid": 1001}
MISMATCH /usr/share/locale/ca/LC_MESSAGES
  expected: {"gid": 0, "mode": 493, "path": "/usr/share/locale/ca/LC_MESSAGES", "type": "directory", "uid": 0}
  actual:   {"gid": 1001, "mode": 509, "path": "/usr/share/locale/ca/LC_MESSAGES", "type": "directory", "uid": 1001}
MISMATCH /usr/share/locale/cs
  expected: {"gid": 0, "mode": 493, "path": "/usr/share/locale/cs", "type": "directory", "uid": 0}
  actual:   {"gid": 1001, "mode": 509, "path": "/usr/share/locale/cs", "type": "directory", "uid": 1001}
MISMATCH /usr/share/locale/cs/LC_MESSAGES
  expected: {"gid": 0, "mode": 493, "path": "/usr/share/locale/cs/LC_MESSAGES", "type": "directory", "uid": 0}
  actual:   {"gid": 1001, "mode": 509, "path": "/usr/share/locale/cs/LC_MESSAGES", "type": "directory", "uid": 1001}
MISMATCH /usr/share/locale/da
  expected: {"gid": 0, "mode": 493, "path": "/usr/share/locale/da", "type": "directory", "uid": 0}
  actual:   {"gid": 1001, "mode": 509, "path": "/usr/share/locale/da", "type": "directory", "uid": 1001}
MISMATCH /usr/share/locale/da/LC_MESSAGES
  expected: {"gid": 0, "mode": 493, "path": "/usr/share/locale/da/LC_MESSAGES", "type": "directory", "uid": 0}
  actual:   {"gid": 1001, "mode": 509, "path": "/usr/share/locale/da/LC_MESSAGES", "type": "directory", "uid": 1001}
MISMATCH /usr/share/locale/de
  expected: {"gid": 0, "mode": 493, "path": "/usr/share/locale/de", "type": "directory", "uid": 0}
  actual:   {"gid": 1001, "mode": 509, "path": "/usr/share/locale/de", "type": "directory", "uid": 1001}
MISMATCH /usr/share/locale/de/LC_MESSAGES
  expected: {"gid": 0, "mode": 493, "path": "/usr/share/locale/de/LC_MESSAGES", "type": "directory", "uid": 0}
  actual:   {"gid": 1001, "mode": 509, "path": "/usr/share/locale/de/LC_MESSAGES", "type": "directory", "uid": 1001}
MISMATCH /usr/share/locale/el
  expected: {"gid": 0, "mode": 493, "path": "/usr/share/locale/el", "type": "directory", "uid": 0}
  actual:   {"gid": 1001, "mode": 509, "path": "/usr/share/locale/el", "type": "directory", "uid": 1001}
MISMATCH /usr/share/locale/el/LC_MESSAGES
  expected: {"gid": 0, "mode": 493, "path": "/usr/share/locale/el/LC_MESSAGES", "type": "directory", "uid": 0}
  actual:   {"gid": 1001, "mode": 509, "path": "/usr/share/locale/el/LC_MESSAGES", "type": "directory", "uid": 1001}
MISMATCH /usr/share/locale/eo
  expected: {"gid": 0, "mode": 493, "path": "/usr/share/locale/eo", "type": "directory", "uid": 0}
  actual:   {"gid": 1001, "mode": 509, "path": "/usr/share/locale/eo", "type": "directory", "uid": 1001}
MISMATCH /usr/share/locale/eo/LC_MESSAGES
  expected: {"gid": 0, "mode": 493, "path": "/usr/share/locale/eo/LC_MESSAGES", "type": "directory", "uid": 0}
  actual:   {"gid": 1001, "mode": 509, "path": "/usr/share/locale/eo/LC_MESSAGES", "type": "directory", "uid": 1001}
MISMATCH /usr/share/locale/es
  expected: {"gid": 0, "mode": 493, "path": "/usr/share/locale/es", "type": "directory", "uid": 0}
  actual:   {"gid": 1001, "mode": 509, "path": "/usr/share/locale/es", "type": "directory", "uid": 1001}
MISMATCH /usr/share/locale/es/LC_MESSAGES
  expected: {"gid": 0, "mode": 493, "path": "/usr/share/locale/es/LC_MESSAGES", "type": "directory", "uid": 0}
  actual:   {"gid": 1001, "mode": 509, "path": "/usr/share/locale/es/LC_MESSAGES", "type": "directory", "uid": 1001}
MISMATCH /usr/share/locale/et
  expected: {"gid": 0, "mode": 493, "path": "/usr/share/locale/et", "type": "directory", "uid": 0}
  actual:   {"gid": 1001, "mode": 509, "path": "/usr/share/locale/et", "type": "directory", "uid": 1001}
MISMATCH /usr/share/locale/et/LC_MESSAGES
  expected: {"gid": 0, "mode": 493, "path": "/usr/share/locale/et/LC_MESSAGES", "type": "directory", "uid": 0}
  actual:   {"gid": 1001, "mode": 509, "path": "/usr/share/locale/et/LC_MESSAGES", "type": "directory", "uid": 1001}
MISMATCH /usr/share/locale/eu
  expected: {"gid": 0, "mode": 493, "path": "/usr/share/locale/eu", "type": "directory", "uid": 0}
  actual:   {"gid": 1001, "mode": 509, "path": "/usr/share/locale/eu", "type": "directory", "uid": 1001}
MISMATCH /usr/share/locale/eu/LC_MESSAGES
  expected: {"gid": 0, "mode": 493, "path": "/usr/share/locale/eu/LC_MESSAGES", "type": "directory", "uid": 0}
  actual:   {"gid": 1001, "mode": 509, "path": "/usr/share/locale/eu/LC_MESSAGES", "type": "directory", "uid": 1001}
MISMATCH /usr/share/locale/fi
  expected: {"gid": 0, "mode": 493, "path": "/usr/share/locale/fi", "type": "directory", "uid": 0}
  actual:   {"gid": 1001, "mode": 509, "path": "/usr/share/locale/fi", "type": "directory", "uid": 1001}
MISMATCH /usr/share/locale/fi/LC_MESSAGES
  expected: {"gid": 0, "mode": 493, "path": "/usr/share/locale/fi/LC_MESSAGES", "type": "directory", "uid": 0}
  actual:   {"gid": 1001, "mode": 509, "path": "/usr/share/locale/fi/LC_MESSAGES", "type": "directory", "uid": 1001}
MISMATCH /usr/share/locale/fr
  expected: {"gid": 0, "mode": 493, "path": "/usr/share/locale/fr", "type": "directory", "uid": 0}
  actual:   {"gid": 1001, "mode": 509, "path": "/usr/share/locale/fr", "type": "directory", "uid": 1001}
MISMATCH /usr/share/locale/fr/LC_MESSAGES
  expected: {"gid": 0, "mode": 493, "path": "/usr/share/locale/fr/LC_MESSAGES", "type": "directory", "uid": 0}
  actual:   {"gid": 1001, "mode": 509, "path": "/usr/share/locale/fr/LC_MESSAGES", "type": "directory", "uid": 1001}
MISMATCH /usr/share/locale/ga
  expected: {"gid": 0, "mode": 493, "path": "/usr/share/locale/ga", "type": "directory", "uid": 0}
  actual:   {"gid": 1001, "mode": 509, "path": "/usr/share/locale/ga", "type": "directory", "uid": 1001}
MISMATCH /usr/share/locale/ga/LC_MESSAGES
  expected: {"gid": 0, "mode": 493, "path": "/usr/share/locale/ga/LC_MESSAGES", "type": "directory", "uid": 0}
  actual:   {"gid": 1001, "mode": 509, "path": "/usr/share/locale/ga/LC_MESSAGES", "type": "directory", "uid": 1001}
MISMATCH /usr/share/locale/gl
  expected: {"gid": 0, "mode": 493, "path": "/usr/share/locale/gl", "type": "directory", "uid": 0}
  actual:   {"gid": 1001, "mode": 509, "path": "/usr/share/locale/gl", "type": "directory", "uid": 1001}
MISMATCH /usr/share/locale/gl/LC_MESSAGES
  expected: {"gid": 0, "mode": 493, "path": "/usr/share/locale/gl/LC_MESSAGES", "type": "directory", "uid": 0}
  actual:   {"gid": 1001, "mode": 509, "path": "/usr/share/locale/gl/LC_MESSAGES", "type": "directory", "uid": 1001}
MISMATCH /usr/share/locale/he
  expected: {"gid": 0, "mode": 493, "path": "/usr/share/locale/he", "type": "directory", "uid": 0}
  actual:   {"gid": 1001, "mode": 509, "path": "/usr/share/locale/he", "type": "directory", "uid": 1001}
MISMATCH /usr/share/locale/he/LC_MESSAGES
  expected: {"gid": 0, "mode": 493, "path": "/usr/share/locale/he/LC_MESSAGES", "type": "directory", "uid": 0}
  actual:   {"gid": 1001, "mode": 509, "path": "/usr/share/locale/he/LC_MESSAGES", "type": "directory", "uid": 1001}
MISMATCH /usr/share/locale/hr
  expected: {"gid": 0, "mode": 493, "path": "/usr/share/locale/hr", "type": "directory", "uid": 0}
  actual:   {"gid": 1001, "mode": 509, "path": "/usr/share/locale/hr", "type": "directory", "uid": 1001}
MISMATCH /usr/share/locale/hr/LC_MESSAGES
  expected: {"gid": 0, "mode": 493, "path": "/usr/share/locale/hr/LC_MESSAGES", "type": "directory", "uid": 0}
  actual:   {"gid": 1001, "mode": 509, "path": "/usr/share/locale/hr/LC_MESSAGES", "type": "directory", "uid": 1001}
MISMATCH /usr/share/locale/hu
  expected: {"gid": 0, "mode": 493, "path": "/usr/share/locale/hu", "type": "directory", "uid": 0}
  actual:   {"gid": 1001, "mode": 509, "path": "/usr/share/locale/hu", "type": "directory", "uid": 1001}
MISMATCH /usr/share/locale/hu/LC_MESSAGES
  expected: {"gid": 0, "mode": 493, "path": "/usr/share/locale/hu/LC_MESSAGES", "type": "directory", "uid": 0}
  actual:   {"gid": 1001, "mode": 509, "path": "/usr/share/locale/hu/LC_MESSAGES", "type": "directory", "uid": 1001}
MISMATCH /usr/share/locale/id
  expected: {"gid": 0, "mode": 493, "path": "/usr/share/locale/id", "type": "directory", "uid": 0}
  actual:   {"gid": 1001, "mode": 509, "path": "/usr/share/locale/id", "type": "directory", "uid": 1001}
MISMATCH /usr/share/locale/id/LC_MESSAGES
  expected: {"gid": 0, "mode": 493, "path": "/usr/share/locale/id/LC_MESSAGES", "type": "directory", "uid": 0}
  actual:   {"gid": 1001, "mode": 509, "path": "/usr/share/locale/id/LC_MESSAGES", "type": "directory", "uid": 1001}
MISMATCH /usr/share/locale/it
  expected: {"gid": 0, "mode": 493, "path": "/usr/share/locale/it", "type": "directory", "uid": 0}
  actual:   {"gid": 1001, "mode": 509, "path": "/usr/share/locale/it", "type": "directory", "uid": 1001}
MISMATCH /usr/share/locale/it/LC_MESSAGES
  expected: {"gid": 0, "mode": 493, "path": "/usr/share/locale/it/LC_MESSAGES", "type": "directory", "uid": 0}
  actual:   {"gid": 1001, "mode": 509, "path": "/usr/share/locale/it/LC_MESSAGES", "type": "directory", "uid": 1001}
MISMATCH /usr/share/locale/ja
  expected: {"gid": 0, "mode": 493, "path": "/usr/share/locale/ja", "type": "directory", "uid": 0}
  actual:   {"gid": 1001, "mode": 509, "path": "/usr/share/locale/ja", "type": "directory", "uid": 1001}
MISMATCH /usr/share/locale/ja/LC_MESSAGES
  expected: {"gid": 0, "mode": 493, "path": "/usr/share/locale/ja/LC_MESSAGES", "type": "directory", "uid": 0}
  actual:   {"gid": 1001, "mode": 509, "path": "/usr/share/locale/ja/LC_MESSAGES", "type": "directory", "uid": 1001}
MISMATCH /usr/share/locale/ka
  expected: {"gid": 0, "mode": 493, "path": "/usr/share/locale/ka", "type": "directory", "uid": 0}
  actual:   {"gid": 1001, "mode": 509, "path": "/usr/share/locale/ka", "type": "directory", "uid": 1001}
MISMATCH /usr/share/locale/ka/LC_MESSAGES
  expected: {"gid": 0, "mode": 493, "path": "/usr/share/locale/ka/LC_MESSAGES", "type": "directory", "uid": 0}
  actual:   {"gid": 1001, "mode": 509, "path": "/usr/share/locale/ka/LC_MESSAGES", "type": "directory", "uid": 1001}
MISMATCH /usr/share/locale/ko
  expected: {"gid": 0, "mode": 493, "path": "/usr/share/locale/ko", "type": "directory", "uid": 0}
  actual:   {"gid": 1001, "mode": 509, "path": "/usr/share/locale/ko", "type": "directory", "uid": 1001}
MISMATCH /usr/share/locale/ko/LC_MESSAGES
  expected: {"gid": 0, "mode": 493, "path": "/usr/share/locale/ko/LC_MESSAGES", "type": "directory", "uid": 0}
  actual:   {"gid": 1001, "mode": 509, "path": "/usr/share/locale/ko/LC_MESSAGES", "type": "directory", "uid": 1001}
MISMATCH /usr/share/locale/ky
  expected: {"gid": 0, "mode": 493, "path": "/usr/share/locale/ky", "type": "directory", "uid": 0}
  actual:   {"gid": 1001, "mode": 509, "path": "/usr/share/locale/ky", "type": "directory", "uid": 1001}
MISMATCH /usr/share/locale/ky/LC_MESSAGES
  expected: {"gid": 0, "mode": 493, "path": "/usr/share/locale/ky/LC_MESSAGES", "type": "directory", "uid": 0}
  actual:   {"gid": 1001, "mode": 509, "path": "/usr/share/locale/ky/LC_MESSAGES", "type": "directory", "uid": 1001}
MISMATCH /usr/share/locale/lt
  expected: {"gid": 0, "mode": 493, "path": "/usr/share/locale/lt", "type": "directory", "uid": 0}
  actual:   {"gid": 1001, "mode": 509, "path": "/usr/share/locale/lt", "type": "directory", "uid": 1001}
MISMATCH /usr/share/locale/lt/LC_MESSAGES
  expected: {"gid": 0, "mode": 493, "path": "/usr/share/locale/lt/LC_MESSAGES", "type": "directory", "uid": 0}
  actual:   {"gid": 1001, "mode": 509, "path": "/usr/share/locale/lt/LC_MESSAGES", "type": "directory", "uid": 1001}
MISMATCH /usr/share/locale/nb
  expected: {"gid": 0, "mode": 493, "path": "/usr/share/locale/nb", "type": "directory", "uid": 0}
  actual:   {"gid": 1001, "mode": 509, "path": "/usr/share/locale/nb", "type": "directory", "uid": 1001}
MISMATCH /usr/share/locale/nb/LC_MESSAGES
  expected: {"gid": 0, "mode": 493, "path": "/usr/share/locale/nb/LC_MESSAGES", "type": "directory", "uid": 0}
  actual:   {"gid": 1001, "mode": 509, "path": "/usr/share/locale/nb/LC_MESSAGES", "type": "directory", "uid": 1001}
MISMATCH /usr/share/locale/nl
  expected: {"gid": 0, "mode": 493, "path": "/usr/share/locale/nl", "type": "directory", "uid": 0}
  actual:   {"gid": 1001, "mode": 509, "path": "/usr/share/locale/nl", "type": "directory", "uid": 1001}
MISMATCH /usr/share/locale/nl/LC_MESSAGES
  expected: {"gid": 0, "mode": 493, "path": "/usr/share/locale/nl/LC_MESSAGES", "type": "directory", "uid": 0}
  actual:   {"gid": 1001, "mode": 509, "path": "/usr/share/locale/nl/LC_MESSAGES", "type": "directory", "uid": 1001}
MISMATCH /usr/share/locale/pa
  expected: {"gid": 0, "mode": 493, "path": "/usr/share/locale/pa", "type": "directory", "uid": 0}
  actual:   {"gid": 1001, "mode": 509, "path": "/usr/share/locale/pa", "type": "directory", "uid": 1001}
MISMATCH /usr/share/locale/pa/LC_MESSAGES
  expected: {"gid": 0, "mode": 493, "path": "/usr/share/locale/pa/LC_MESSAGES", "type": "directory", "uid": 0}
  actual:   {"gid": 1001, "mode": 509, "path": "/usr/share/locale/pa/LC_MESSAGES", "type": "directory", "uid": 1001}
MISMATCH /usr/share/locale/pl
  expected: {"gid": 0, "mode": 493, "path": "/usr/share/locale/pl", "type": "directory", "uid": 0}
  actual:   {"gid": 1001, "mode": 509, "path": "/usr/share/locale/pl", "type": "directory", "uid": 1001}
MISMATCH /usr/share/locale/pl/LC_MESSAGES
  expected: {"gid": 0, "mode": 493, "path": "/usr/share/locale/pl/LC_MESSAGES", "type": "directory", "uid": 0}
  actual:   {"gid": 1001, "mode": 509, "path": "/usr/share/locale/pl/LC_MESSAGES", "type": "directory", "uid": 1001}
MISMATCH /usr/share/locale/pt
  expected: {"gid": 0, "mode": 493, "path": "/usr/share/locale/pt", "type": "directory", "uid": 0}
  actual:   {"gid": 1001, "mode": 509, "path": "/usr/share/locale/pt", "type": "directory", "uid": 1001}
MISMATCH /usr/share/locale/pt/LC_MESSAGES
  expected: {"gid": 0, "mode": 493, "path": "/usr/share/locale/pt/LC_MESSAGES", "type": "directory", "uid": 0}
  actual:   {"gid": 1001, "mode": 509, "path": "/usr/share/locale/pt/LC_MESSAGES", "type": "directory", "uid": 1001}
MISMATCH /usr/share/locale/pt_BR
  expected: {"gid": 0, "mode": 493, "path": "/usr/share/locale/pt_BR", "type": "directory", "uid": 0}
  actual:   {"gid": 1001, "mode": 509, "path": "/usr/share/locale/pt_BR", "type": "directory", "uid": 1001}
MISMATCH /usr/share/locale/pt_BR/LC_MESSAGES
  expected: {"gid": 0, "mode": 493, "path": "/usr/share/locale/pt_BR/LC_MESSAGES", "type": "directory", "uid": 0}
  actual:   {"gid": 1001, "mode": 509, "path": "/usr/share/locale/pt_BR/LC_MESSAGES", "type": "directory", "uid": 1001}
MISMATCH /usr/share/locale/ro
  expected: {"gid": 0, "mode": 493, "path": "/usr/share/locale/ro", "type": "directory", "uid": 0}
  actual:   {"gid": 1001, "mode": 509, "path": "/usr/share/locale/ro", "type": "directory", "uid": 1001}
MISMATCH /usr/share/locale/ro/LC_MESSAGES
  expected: {"gid": 0, "mode": 493, "path": "/usr/share/locale/ro/LC_MESSAGES", "type": "directory", "uid": 0}
  actual:   {"gid": 1001, "mode": 509, "path": "/usr/share/locale/ro/LC_MESSAGES", "type": "directory", "uid": 1001}
MISMATCH /usr/share/locale/ru
  expected: {"gid": 0, "mode": 493, "path": "/usr/share/locale/ru", "type": "directory", "uid": 0}
  actual:   {"gid": 1001, "mode": 509, "path": "/usr/share/locale/ru", "type": "directory", "uid": 1001}
MISMATCH /usr/share/locale/ru/LC_MESSAGES
  expected: {"gid": 0, "mode": 493, "path": "/usr/share/locale/ru/LC_MESSAGES", "type": "directory", "uid": 0}
  actual:   {"gid": 1001, "mode": 509, "path": "/usr/share/locale/ru/LC_MESSAGES", "type": "directory", "uid": 1001}
MISMATCH /usr/share/locale/sk
  expected: {"gid": 0, "mode": 493, "path": "/usr/share/locale/sk", "type": "directory", "uid": 0}
  actual:   {"gid": 1001, "mode": 509, "path": "/usr/share/locale/sk", "type": "directory", "uid": 1001}
MISMATCH /usr/share/locale/sk/LC_MESSAGES
  expected: {"gid": 0, "mode": 493, "path": "/usr/share/locale/sk/LC_MESSAGES", "type": "directory", "uid": 0}
  actual:   {"gid": 1001, "mode": 509, "path": "/usr/share/locale/sk/LC_MESSAGES", "type": "directory", "uid": 1001}
MISMATCH /usr/share/locale/sl
  expected: {"gid": 0, "mode": 493, "path": "/usr/share/locale/sl", "type": "directory", "uid": 0}
  actual:   {"gid": 1001, "mode": 509, "path": "/usr/share/locale/sl", "type": "directory", "uid": 1001}
MISMATCH /usr/share/locale/sl/LC_MESSAGES
  expected: {"gid": 0, "mode": 493, "path": "/usr/share/locale/sl/LC_MESSAGES", "type": "directory", "uid": 0}
  actual:   {"gid": 1001, "mode": 509, "path": "/usr/share/locale/sl/LC_MESSAGES", "type": "directory", "uid": 1001}
MISMATCH /usr/share/locale/sr
  expected: {"gid": 0, "mode": 493, "path": "/usr/share/locale/sr", "type": "directory", "uid": 0}
  actual:   {"gid": 1001, "mode": 509, "path": "/usr/share/locale/sr", "type": "directory", "uid": 1001}
MISMATCH /usr/share/locale/sr/LC_MESSAGES
  expected: {"gid": 0, "mode": 493, "path": "/usr/share/locale/sr/LC_MESSAGES", "type": "directory", "uid": 0}
  actual:   {"gid": 1001, "mode": 509, "path": "/usr/share/locale/sr/LC_MESSAGES", "type": "directory", "uid": 1001}
MISMATCH /usr/share/locale/sv
  expected: {"gid": 0, "mode": 493, "path": "/usr/share/locale/sv", "type": "directory", "uid": 0}
  actual:   {"gid": 1001, "mode": 509, "path": "/usr/share/locale/sv", "type": "directory", "uid": 1001}
MISMATCH /usr/share/locale/sv/LC_MESSAGES
  expected: {"gid": 0, "mode": 493, "path": "/usr/share/locale/sv/LC_MESSAGES", "type": "directory", "uid": 0}
  actual:   {"gid": 1001, "mode": 509, "path": "/usr/share/locale/sv/LC_MESSAGES", "type": "directory", "uid": 1001}
MISMATCH /usr/share/locale/ta
  expected: {"gid": 0, "mode": 493, "path": "/usr/share/locale/ta", "type": "directory", "uid": 0}
  actual:   {"gid": 1001, "mode": 509, "path": "/usr/share/locale/ta", "type": "directory", "uid": 1001}
MISMATCH /usr/share/locale/ta/LC_MESSAGES
  expected: {"gid": 0, "mode": 493, "path": "/usr/share/locale/ta/LC_MESSAGES", "type": "directory", "uid": 0}
  actual:   {"gid": 1001, "mode": 509, "path": "/usr/share/locale/ta/LC_MESSAGES", "type": "directory", "uid": 1001}
MISMATCH /usr/share/locale/th
  expected: {"gid": 0, "mode": 493, "path": "/usr/share/locale/th", "type": "directory", "uid": 0}
  actual:   {"gid": 1001, "mode": 509, "path": "/usr/share/locale/th", "type": "directory", "uid": 1001}
MISMATCH /usr/share/locale/th/LC_MESSAGES
  expected: {"gid": 0, "mode": 493, "path": "/usr/share/locale/th/LC_MESSAGES", "type": "directory", "uid": 0}
  actual:   {"gid": 1001, "mode": 509, "path": "/usr/share/locale/th/LC_MESSAGES", "type": "directory", "uid": 1001}
MISMATCH /usr/share/locale/tr
  expected: {"gid": 0, "mode": 493, "path": "/usr/share/locale/tr", "type": "directory", "uid": 0}
  actual:   {"gid": 1001, "mode": 509, "path": "/usr/share/locale/tr", "type": "directory", "uid": 1001}
MISMATCH /usr/share/locale/tr/LC_MESSAGES
  expected: {"gid": 0, "mode": 493, "path": "/usr/share/locale/tr/LC_MESSAGES", "type": "directory", "uid": 0}
  actual:   {"gid": 1001, "mode": 509, "path": "/usr/share/locale/tr/LC_MESSAGES", "type": "directory", "uid": 1001}
MISMATCH /usr/share/locale/uk
  expected: {"gid": 0, "mode": 493, "path": "/usr/share/locale/uk", "type": "directory", "uid": 0}
  actual:   {"gid": 1001, "mode": 509, "path": "/usr/share/locale/uk", "type": "directory", "uid": 1001}
MISMATCH /usr/share/locale/uk/LC_MESSAGES
  expected: {"gid": 0, "mode": 493, "path": "/usr/share/locale/uk/LC_MESSAGES", "type": "directory", "uid": 0}
  actual:   {"gid": 1001, "mode": 509, "path": "/usr/share/locale/uk/LC_MESSAGES", "type": "directory", "uid": 1001}
MISMATCH /usr/share/locale/vi
  expected: {"gid": 0, "mode": 493, "path": "/usr/share/locale/vi", "type": "directory", "uid": 0}
  actual:   {"gid": 1001, "mode": 509, "path": "/usr/share/locale/vi", "type": "directory", "uid": 1001}
MISMATCH /usr/share/locale/vi/LC_MESSAGES
  expected: {"gid": 0, "mode": 493, "path": "/usr/share/locale/vi/LC_MESSAGES", "type": "directory", "uid": 0}
  actual:   {"gid": 1001, "mode": 509, "path": "/usr/share/locale/vi/LC_MESSAGES", "type": "directory", "uid": 1001}
MISMATCH /usr/share/locale/zh_CN
  expected: {"gid": 0, "mode": 493, "path": "/usr/share/locale/zh_CN", "type": "directory", "uid": 0}
  actual:   {"gid": 1001, "mode": 509, "path": "/usr/share/locale/zh_CN", "type": "directory", "uid": 1001}
MISMATCH /usr/share/locale/zh_CN/LC_MESSAGES
  expected: {"gid": 0, "mode": 493, "path": "/usr/share/locale/zh_CN/LC_MESSAGES", "type": "directory", "uid": 0}
  actual:   {"gid": 1001, "mode": 509, "path": "/usr/share/locale/zh_CN/LC_MESSAGES", "type": "directory", "uid": 1001}
MISMATCH /usr/share/locale/zh_TW
  expected: {"gid": 0, "mode": 493, "path": "/usr/share/locale/zh_TW", "type": "directory", "uid": 0}
  actual:   {"gid": 1001, "mode": 509, "path": "/usr/share/locale/zh_TW", "type": "directory", "uid": 1001}
MISMATCH /usr/share/locale/zh_TW/LC_MESSAGES
  expected: {"gid": 0, "mode": 493, "path": "/usr/share/locale/zh_TW/LC_MESSAGES", "type": "directory", "uid": 0}
  actual:   {"gid": 1001, "mode": 509, "path": "/usr/share/locale/zh_TW/LC_MESSAGES", "type": "directory", "uid": 1001}
package=grep version=3.12 entries=147 matched=52 mismatched=95
