MISMATCH /usr/bin/m4
  expected: {"gid": 0, "mode": 493, "path": "/usr/bin/m4", "sha256": "03010b9e517134577c6eb3d192c18152373d7411a79bea3501cc79e3d56cf9c3", "size": 1030416, "type": "file", "uid": 0}
  actual:   {"gid": 0, "mode": 493, "path": "/usr/bin/m4", "sha256": "e3d54d9e7d6b40644f2080e1802c8d2ce6fb24e4c8389aa8ff1b51f42f8a12e8", "size": 1030408, "type": "file", "uid": 0}
MISMATCH /usr/share/info
  expected: {"gid": 0, "mode": 493, "path": "/usr/share/info", "type": "directory", "uid": 0}
  actual:   {"gid": 1001, "mode": 509, "path": "/usr/share/info", "type": "directory", "uid": 1001}
MISMATCH /usr/share/locale
  expected: {"gid": 0, "mode": 493, "path": "/usr/share/locale", "type": "directory", "uid": 0}
  actual:   {"gid": 1001, "mode": 509, "path": "/usr/share/locale", "type": "directory", "uid": 1001}
MISMATCH /usr/share/locale/bg
  expected: {"gid": 0, "mode": 493, "path": "/usr/share/locale/bg", "type": "directory", "uid": 0}
  actual:   {"gid": 1001, "mode": 509, "path": "/usr/share/locale/bg", "type": "directory", "uid": 1001}
MISMATCH /usr/share/locale/bg/LC_MESSAGES
  expected: {"gid": 0, "mode": 493, "path": "/usr/share/locale/bg/LC_MESSAGES", "type": "directory", "uid": 0}
  actual:   {"gid": 1001, "mode": 509, "path": "/usr/share/locale/bg/LC_MESSAGES", "type": "directory", "uid": 1001}
MISMATCH /usr/share/locale/cs
  expected: {"gid": 0, "mode": 493, "path": "/usr/share/locale/cs", "type": "directory", "uid": 0}
  actual:   {"gid": 1001, "mode": 509, "path": "/usr/share/locale/cs", "type": "directory", "uid": 1001}
MISMATCH /usr/share/locale/cs/LC_MESSAGES
  expected: {"gid": 0, "mode": 493, "path": "/usr/share/locale/cs/LC_MESSAGES", "type": "directory", "uid": 0}
  actual:   {"gid": 1001, "mode": 509, "path": "/usr/share/locale/cs/LC_MESSAGES", "type": "directory", "uid": 1001}
MISMATCH /usr/share/locale/da
  expected: {"gid": 0, "mode": 493, "path": "/usr/share/locale/da", "type": "directory", "uid": 0}
  actual:   {"gid": 1001, "mode": 509, "path": "/usr/share/locale/da", "type": "directory", "uid": 1001}
MISMATCH /usr/share/locale/da/LC_MESSAGES
  expected: {"gid": 0, "mode": 493, "path": "/usr/share/locale/da/LC_MESSAGES", "type": "directory", "uid": 0}
  actual:   {"gid": 1001, "mode": 509, "path": "/usr/share/locale/da/LC_MESSAGES", "type": "directory", "uid": 1001}
MISMATCH /usr/share/locale/de
  expected: {"gid": 0, "mode": 493, "path": "/usr/share/locale/de", "type": "directory", "uid": 0}
  actual:   {"gid": 1001, "mode": 509, "path": "/usr/share/locale/de", "type": "directory", "uid": 1001}
MISMATCH /usr/share/locale/de/LC_MESSAGES
  expected: {"gid": 0, "mode": 493, "path": "/usr/share/locale/de/LC_MESSAGES", "type": "directory", "uid": 0}
  actual:   {"gid": 1001, "mode": 509, "path": "/usr/share/locale/de/LC_MESSAGES", "type": "directory", "uid": 1001}
MISMATCH /usr/share/locale/el
  expected: {"gid": 0, "mode": 493, "path": "/usr/share/locale/el", "type": "directory", "uid": 0}
  actual:   {"gid": 1001, "mode": 509, "path": "/usr/share/locale/el", "type": "directory", "uid": 1001}
MISMATCH /usr/share/locale/el/LC_MESSAGES
  expected: {"gid": 0, "mode": 493, "path": "/usr/share/locale/el/LC_MESSAGES", "type": "directory", "uid": 0}
  actual:   {"gid": 1001, "mode": 509, "path": "/usr/share/locale/el/LC_MESSAGES", "type": "directory", "uid": 1001}
MISMATCH /usr/share/locale/eo
  expected: {"gid": 0, "mode": 493, "path": "/usr/share/locale/eo", "type": "directory", "uid": 0}
  actual:   {"gid": 1001, "mode": 509, "path": "/usr/share/locale/eo", "type": "directory", "uid": 1001}
MISMATCH /usr/share/locale/eo/LC_MESSAGES
  expected: {"gid": 0, "mode": 493, "path": "/usr/share/locale/eo/LC_MESSAGES", "type": "directory", "uid": 0}
  actual:   {"gid": 1001, "mode": 509, "path": "/usr/share/locale/eo/LC_MESSAGES", "type": "directory", "uid": 1001}
MISMATCH /usr/share/locale/es
  expected: {"gid": 0, "mode": 493, "path": "/usr/share/locale/es", "type": "directory", "uid": 0}
  actual:   {"gid": 1001, "mode": 509, "path": "/usr/share/locale/es", "type": "directory", "uid": 1001}
MISMATCH /usr/share/locale/es/LC_MESSAGES
  expected: {"gid": 0, "mode": 493, "path": "/usr/share/locale/es/LC_MESSAGES", "type": "directory", "uid": 0}
  actual:   {"gid": 1001, "mode": 509, "path": "/usr/share/locale/es/LC_MESSAGES", "type": "directory", "uid": 1001}
MISMATCH /usr/share/locale/fi
  expected: {"gid": 0, "mode": 493, "path": "/usr/share/locale/fi", "type": "directory", "uid": 0}
  actual:   {"gid": 1001, "mode": 509, "path": "/usr/share/locale/fi", "type": "directory", "uid": 1001}
MISMATCH /usr/share/locale/fi/LC_MESSAGES
  expected: {"gid": 0, "mode": 493, "path": "/usr/share/locale/fi/LC_MESSAGES", "type": "directory", "uid": 0}
  actual:   {"gid": 1001, "mode": 509, "path": "/usr/share/locale/fi/LC_MESSAGES", "type": "directory", "uid": 1001}
MISMATCH /usr/share/locale/fr
  expected: {"gid": 0, "mode": 493, "path": "/usr/share/locale/fr", "type": "directory", "uid": 0}
  actual:   {"gid": 1001, "mode": 509, "path": "/usr/share/locale/fr", "type": "directory", "uid": 1001}
MISMATCH /usr/share/locale/fr/LC_MESSAGES
  expected: {"gid": 0, "mode": 493, "path": "/usr/share/locale/fr/LC_MESSAGES", "type": "directory", "uid": 0}
  actual:   {"gid": 1001, "mode": 509, "path": "/usr/share/locale/fr/LC_MESSAGES", "type": "directory", "uid": 1001}
MISMATCH /usr/share/locale/ga
  expected: {"gid": 0, "mode": 493, "path": "/usr/share/locale/ga", "type": "directory", "uid": 0}
  actual:   {"gid": 1001, "mode": 509, "path": "/usr/share/locale/ga", "type": "directory", "uid": 1001}
MISMATCH /usr/share/locale/ga/LC_MESSAGES
  expected: {"gid": 0, "mode": 493, "path": "/usr/share/locale/ga/LC_MESSAGES", "type": "directory", "uid": 0}
  actual:   {"gid": 1001, "mode": 509, "path": "/usr/share/locale/ga/LC_MESSAGES", "type": "directory", "uid": 1001}
MISMATCH /usr/share/locale/gl
  expected: {"gid": 0, "mode": 493, "path": "/usr/share/locale/gl", "type": "directory", "uid": 0}
  actual:   {"gid": 1001, "mode": 509, "path": "/usr/share/locale/gl", "type": "directory", "uid": 1001}
MISMATCH /usr/share/locale/gl/LC_MESSAGES
  expected: {"gid": 0, "mode": 493, "path": "/usr/share/locale/gl/LC_MESSAGES", "type": "directory", "uid": 0}
  actual:   {"gid": 1001, "mode": 509, "path": "/usr/share/locale/gl/LC_MESSAGES", "type": "directory", "uid": 1001}
MISMATCH /usr/share/locale/hr
  expected: {"gid": 0, "mode": 493, "path": "/usr/share/locale/hr", "type": "directory", "uid": 0}
  actual:   {"gid": 1001, "mode": 509, "path": "/usr/share/locale/hr", "type": "directory", "uid": 1001}
MISMATCH /usr/share/locale/hr/LC_MESSAGES
  expected: {"gid": 0, "mode": 493, "path": "/usr/share/locale/hr/LC_MESSAGES", "type": "directory", "uid": 0}
  actual:   {"gid": 1001, "mode": 509, "path": "/usr/share/locale/hr/LC_MESSAGES", "type": "directory", "uid": 1001}
MISMATCH /usr/share/locale/id
  expected: {"gid": 0, "mode": 493, "path": "/usr/share/locale/id", "type": "directory", "uid": 0}
  actual:   {"gid": 1001, "mode": 509, "path": "/usr/share/locale/id", "type": "directory", "uid": 1001}
MISMATCH /usr/share/locale/id/LC_MESSAGES
  expected: {"gid": 0, "mode": 493, "path": "/usr/share/locale/id/LC_MESSAGES", "type": "directory", "uid": 0}
  actual:   {"gid": 1001, "mode": 509, "path": "/usr/share/locale/id/LC_MESSAGES", "type": "directory", "uid": 1001}
MISMATCH /usr/share/locale/ja
  expected: {"gid": 0, "mode": 493, "path": "/usr/share/locale/ja", "type": "directory", "uid": 0}
  actual:   {"gid": 1001, "mode": 509, "path": "/usr/share/locale/ja", "type": "directory", "uid": 1001}
MISMATCH /usr/share/locale/ja/LC_MESSAGES
  expected: {"gid": 0, "mode": 493, "path": "/usr/share/locale/ja/LC_MESSAGES", "type": "directory", "uid": 0}
  actual:   {"gid": 1001, "mode": 509, "path": "/usr/share/locale/ja/LC_MESSAGES", "type": "directory", "uid": 1001}
MISMATCH /usr/share/locale/ka
  expected: {"gid": 0, "mode": 493, "path": "/usr/share/locale/ka", "type": "directory", "uid": 0}
  actual:   {"gid": 1001, "mode": 509, "path": "/usr/share/locale/ka", "type": "directory", "uid": 1001}
MISMATCH /usr/share/locale/ka/LC_MESSAGES
  expected: {"gid": 0, "mode": 493, "path": "/usr/share/locale/ka/LC_MESSAGES", "type": "directory", "uid": 0}
  actual:   {"gid": 1001, "mode": 509, "path": "/usr/share/locale/ka/LC_MESSAGES", "type": "directory", "uid": 1001}
MISMATCH /usr/share/locale/ko
  expected: {"gid": 0, "mode": 493, "path": "/usr/share/locale/ko", "type": "directory", "uid": 0}
  actual:   {"gid": 1001, "mode": 509, "path": "/usr/share/locale/ko", "type": "directory", "uid": 1001}
MISMATCH /usr/share/locale/ko/LC_MESSAGES
  expected: {"gid": 0, "mode": 493, "path": "/usr/share/locale/ko/LC_MESSAGES", "type": "directory", "uid": 0}
  actual:   {"gid": 1001, "mode": 509, "path": "/usr/share/locale/ko/LC_MESSAGES", "type": "directory", "uid": 1001}
MISMATCH /usr/share/locale/nl
  expected: {"gid": 0, "mode": 493, "path": "/usr/share/locale/nl", "type": "directory", "uid": 0}
  actual:   {"gid": 1001, "mode": 509, "path": "/usr/share/locale/nl", "type": "directory", "uid": 1001}
MISMATCH /usr/share/locale/nl/LC_MESSAGES
  expected: {"gid": 0, "mode": 493, "path": "/usr/share/locale/nl/LC_MESSAGES", "type": "directory", "uid": 0}
  actual:   {"gid": 1001, "mode": 509, "path": "/usr/share/locale/nl/LC_MESSAGES", "type": "directory", "uid": 1001}
MISMATCH /usr/share/locale/pl
  expected: {"gid": 0, "mode": 493, "path": "/usr/share/locale/pl", "type": "directory", "uid": 0}
  actual:   {"gid": 1001, "mode": 509, "path": "/usr/share/locale/pl", "type": "directory", "uid": 1001}
MISMATCH /usr/share/locale/pl/LC_MESSAGES
  expected: {"gid": 0, "mode": 493, "path": "/usr/share/locale/pl/LC_MESSAGES", "type": "directory", "uid": 0}
  actual:   {"gid": 1001, "mode": 509, "path": "/usr/share/locale/pl/LC_MESSAGES", "type": "directory", "uid": 1001}
MISMATCH /usr/share/locale/pt_BR
  expected: {"gid": 0, "mode": 493, "path": "/usr/share/locale/pt_BR", "type": "directory", "uid": 0}
  actual:   {"gid": 1001, "mode": 509, "path": "/usr/share/locale/pt_BR", "type": "directory", "uid": 1001}
MISMATCH /usr/share/locale/pt_BR/LC_MESSAGES
  expected: {"gid": 0, "mode": 493, "path": "/usr/share/locale/pt_BR/LC_MESSAGES", "type": "directory", "uid": 0}
  actual:   {"gid": 1001, "mode": 509, "path": "/usr/share/locale/pt_BR/LC_MESSAGES", "type": "directory", "uid": 1001}
MISMATCH /usr/share/locale/ro
  expected: {"gid": 0, "mode": 493, "path": "/usr/share/locale/ro", "type": "directory", "uid": 0}
  actual:   {"gid": 1001, "mode": 509, "path": "/usr/share/locale/ro", "type": "directory", "uid": 1001}
MISMATCH /usr/share/locale/ro/LC_MESSAGES
  expected: {"gid": 0, "mode": 493, "path": "/usr/share/locale/ro/LC_MESSAGES", "type": "directory", "uid": 0}
  actual:   {"gid": 1001, "mode": 509, "path": "/usr/share/locale/ro/LC_MESSAGES", "type": "directory", "uid": 1001}
MISMATCH /usr/share/locale/ru
  expected: {"gid": 0, "mode": 493, "path": "/usr/share/locale/ru", "type": "directory", "uid": 0}
  actual:   {"gid": 1001, "mode": 509, "path": "/usr/share/locale/ru", "type": "directory", "uid": 1001}
MISMATCH /usr/share/locale/ru/LC_MESSAGES
  expected: {"gid": 0, "mode": 493, "path": "/usr/share/locale/ru/LC_MESSAGES", "type": "directory", "uid": 0}
  actual:   {"gid": 1001, "mode": 509, "path": "/usr/share/locale/ru/LC_MESSAGES", "type": "directory", "uid": 1001}
MISMATCH /usr/share/locale/sr
  expected: {"gid": 0, "mode": 493, "path": "/usr/share/locale/sr", "type": "directory", "uid": 0}
  actual:   {"gid": 1001, "mode": 509, "path": "/usr/share/locale/sr", "type": "directory", "uid": 1001}
MISMATCH /usr/share/locale/sr/LC_MESSAGES
  expected: {"gid": 0, "mode": 493, "path": "/usr/share/locale/sr/LC_MESSAGES", "type": "directory", "uid": 0}
  actual:   {"gid": 1001, "mode": 509, "path": "/usr/share/locale/sr/LC_MESSAGES", "type": "directory", "uid": 1001}
MISMATCH /usr/share/locale/sv
  expected: {"gid": 0, "mode": 493, "path": "/usr/share/locale/sv", "type": "directory", "uid": 0}
  actual:   {"gid": 1001, "mode": 509, "path": "/usr/share/locale/sv", "type": "directory", "uid": 1001}
MISMATCH /usr/share/locale/sv/LC_MESSAGES
  expected: {"gid": 0, "mode": 493, "path": "/usr/share/locale/sv/LC_MESSAGES", "type": "directory", "uid": 0}
  actual:   {"gid": 1001, "mode": 509, "path": "/usr/share/locale/sv/LC_MESSAGES", "type": "directory", "uid": 1001}
MISMATCH /usr/share/locale/uk
  expected: {"gid": 0, "mode": 493, "path": "/usr/share/locale/uk", "type": "directory", "uid": 0}
  actual:   {"gid": 1001, "mode": 509, "path": "/usr/share/locale/uk", "type": "directory", "uid": 1001}
MISMATCH /usr/share/locale/uk/LC_MESSAGES
  expected: {"gid": 0, "mode": 493, "path": "/usr/share/locale/uk/LC_MESSAGES", "type": "directory", "uid": 0}
  actual:   {"gid": 1001, "mode": 509, "path": "/usr/share/locale/uk/LC_MESSAGES", "type": "directory", "uid": 1001}
MISMATCH /usr/share/locale/vi
  expected: {"gid": 0, "mode": 493, "path": "/usr/share/locale/vi", "type": "directory", "uid": 0}
  actual:   {"gid": 1001, "mode": 509, "path": "/usr/share/locale/vi", "type": "directory", "uid": 1001}
MISMATCH /usr/share/locale/vi/LC_MESSAGES
  expected: {"gid": 0, "mode": 493, "path": "/usr/share/locale/vi/LC_MESSAGES", "type": "directory", "uid": 0}
  actual:   {"gid": 1001, "mode": 509, "path": "/usr/share/locale/vi/LC_MESSAGES", "type": "directory", "uid": 1001}
MISMATCH /usr/share/locale/zh_CN
  expected: {"gid": 0, "mode": 493, "path": "/usr/share/locale/zh_CN", "type": "directory", "uid": 0}
  actual:   {"gid": 1001, "mode": 509, "path": "/usr/share/locale/zh_CN", "type": "directory", "uid": 1001}
MISMATCH /usr/share/locale/zh_CN/LC_MESSAGES
  expected: {"gid": 0, "mode": 493, "path": "/usr/share/locale/zh_CN/LC_MESSAGES", "type": "directory", "uid": 0}
  actual:   {"gid": 1001, "mode": 509, "path": "/usr/share/locale/zh_CN/LC_MESSAGES", "type": "directory", "uid": 1001}
MISMATCH /usr/share/locale/zh_TW
  expected: {"gid": 0, "mode": 493, "path": "/usr/share/locale/zh_TW", "type": "directory", "uid": 0}
  actual:   {"gid": 1001, "mode": 509, "path": "/usr/share/locale/zh_TW", "type": "directory", "uid": 1001}
MISMATCH /usr/share/locale/zh_TW/LC_MESSAGES
  expected: {"gid": 0, "mode": 493, "path": "/usr/share/locale/zh_TW/LC_MESSAGES", "type": "directory", "uid": 0}
  actual:   {"gid": 1001, "mode": 509, "path": "/usr/share/locale/zh_TW/LC_MESSAGES", "type": "directory", "uid": 1001}
package=m4 version=1.4.20 entries=93 matched=36 mismatched=57
