M04 Builder replay availability check
Date: 2026-09-24
Scope: read-only basename listings only; no content reads, hashes, du, unbounded recursive walk, writes, or GCC job control; listings are limited to depth 1 or 2.

COMMAND: ssh alp-builder 'find /mnt/lfs/build -mindepth 1 -maxdepth 1 -type d -printf "%f\n" | sort'
OUTPUT:
Python-3.13.7
acl-2.3.2
acl-2.3.2-m04-20260924-r1
attr-2.5.2
attr-2.5.2-m04-20260924-r3
attr-2.5.2-m04-r1
attr-2.5.2-m04-r2
autoconf-2.72-final
automake-1.18.1-final
bash-5.3
bash-5.3-final
bash-5.3-m04-r1
bc-7.0.3
bc-7.0.3-m04-r1
binutils-2.45
binutils-2.45-final
binutils-2.45-m04-r1
binutils-2.45-pass2
bison-3.8.2
bison-3.8.2-final
bzip2-1.0.8
bzip2-1.0.8-m04
bzip2-1.0.8-m04-r2
coreutils-9.7
coreutils-9.7-final
coreutils-9.7-m04
dbus-1.16.2-final
dejagnu-1.6.3
dejagnu-1.6.3-m04-r1
diffutils-3.12
diffutils-3.12-m04-r1
e2fsprogs-1.47.3-final
elfutils-0.193-final
expat-2.7.1-final
expat-2.7.1-m04-r1
expect-5.45.4-m04-r1
expect5.45.4
file-5.46
file-5.46-m04
findutils-4.10.0
findutils-4.10.0-m04-r1
flex-2.6.4
flex-2.6.4-m04-r1
flit_core-3.12.0
gawk-5.3.2
gawk-5.3.2-m04-r1
gcc-15.2.0
gcc-15.2.0-final
gcc-15.2.0-libstdcxx
gcc-15.2.0-m04-20260924-r1
gcc-15.2.0-pass2
gdbm-1.26-final
gdbm-1.26-m04-r1
gettext-0.26
glibc-2.42
gmp-6.3.0
gmp-6.3.0-m04-r1
gperf-3.1-final
gperf-3.3-final
gperf-3.3-m04-r1
grep-3.12
grep-3.12-final
grep-3.12-m04-r1
groff-1.23.0-final
grub-2.12-efi
grub-2.12-pc
gzip-1.14
gzip-1.14-m04
iana-etc-20250807
iana-etc-20250807-m04-r1
inetutils-2.6-final
inetutils-2.6-m04-r1
intltool-0.51.0-final
iproute2-6.16.0-final
kbd-2.8.0-final
kmod-34.2-final
less-679-final
less-679-m04-r1
libcap-2.76
libcap-2.76-m04-r1
libffi-3.5.2-final
libpipeline-1.5.8-final
libtool-2.5.4-final
libtool-2.5.4-m04-r1
libxcrypt-4.4.38
libxcrypt-4.4.38-m04-r1
linux-6.16.1
linux-6.16.1-final
logs
lz4-1.10.0
lz4-1.10.0-m04
m4-1.4.20
m4-1.4.20-m04-r1
make-4.4.1
man-db-2.13.1-final
man-pages-6.15
man-pages-6.15-m04-r1
meson-1.8.3-final
mpc-1.3.1
mpc-1.3.1-m04-r1
mpfr-4.2.2
mpfr-4.2.2-m04-r1
ncurses-6.5-20250809
ncurses-6.5-20250809-m04-20260924-r2
ncurses-6.5-20250809-m04-20260924-r3
ninja-1.13.1-final
openssl-3.5.2-final
patch-2.8
perl-5.42.0
perl-5.42.0-final
perl-5.42.0-m04-r1
pkgconf-2.5.1
pkgconf-2.5.1-m04-r1
procps-ng-4.0.5-final
psmisc-23.7
readline-8.3
readline-8.3-m04-r1
sed-4.9
shadow-4.18.0
shadow-4.18.0-m04-20260924-r1
systemd-257.8-final
tar-1.35
tcl-8.6.16-html-m04-r1
tcl-8.6.16-m04-r1
tcl8.6.16
texinfo-7.2
util-linux-2.41.1
util-linux-2.41.1-final
xml-parser-2.47-final
xz-5.8.1
xz-5.8.1-m04
zlib-1.3.1
zlib-1.3.1-m04
zlib-1.3.1-m04-r2
zlib-1.3.1-m04-r3
zstd-1.5.7
zstd-1.5.7-m04

COMMAND: ssh alp-builder 'find /mnt/lfs/sources -mindepth 1 -maxdepth 1 -type f -printf "%f\n" | sort'
OUTPUT:
Linux-PAM-1.7.1.tar.xz
Python-3.13.7.tar.xz
XML-Parser-2.47.tar.gz
acl-2.3.2.tar.xz
alsa-lib-1.2.14.tar.bz2
aspell-0.60.8.1.tar.gz
attr-2.5.2.tar.gz
autoconf-2.72.tar.xz
automake-1.18.1.tar.xz
bash-5.3.tar.gz
bc-7.0.3.tar.xz
binutils-2.45.tar.xz
bison-3.8.2.tar.xz
blfs-systemd-units-20241211.tar.xz
boost-1.89.0-b2-nodocs.tar.xz
bzip2-1.0.8-install_docs-1.patch
bzip2-1.0.8.tar.gz
cmake-4.1.0.tar.gz
coreutils-9.7-i18n-1.patch
coreutils-9.7-upstream_fix-1.patch
coreutils-9.7.tar.xz
curl-8.15.0.tar.xz
dbus-1.16.2.tar.xz
dejagnu-1.6.3.tar.gz
diffutils-3.12.tar.xz
duktape-2.7.0.tar.xz
e2fsprogs-1.47.3.tar.gz
elfutils-0.193.tar.bz2
expat-2.7.1.tar.xz
expect-5.45.4-gcc15-1.patch
expect5.45.4.tar.gz
file-5.46.tar.gz
findutils-4.10.0.tar.xz
flex-2.6.4.tar.gz
flit_core-3.12.0.tar.gz
gawk-5.3.2.tar.xz
gcc-15.2.0.tar.xz
gdbm-1.26.tar.gz
gettext-0.26.tar.xz
glib-2.84.4.tar.xz
glibc-2.42-fhs-1.patch
glibc-2.42.tar.xz
gmp-6.3.0.tar.xz
gperf-3.3.tar.gz
grep-3.12.tar.xz
groff-1.23.0.tar.gz
grub-2.12.tar.xz
gzip-1.14.tar.xz
hwdata-0.398.tar.gz
iana-etc-20250807.tar.gz
inetutils-2.6.tar.xz
intltool-0.51.0.tar.gz
iproute2-6.16.0.tar.xz
jinja2-3.1.6.tar.gz
kbd-2.8.0-backspace-1.patch
kbd-2.8.0.tar.xz
kmod-34.2.tar.xz
less-679.tar.gz
lfs-bootscripts-20250827.tar.xz
libcap-2.76.tar.xz
libdisplay-info-0.3.0.tar.xz
libdrm-2.4.125.tar.xz
libevdev-1.13.4.tar.xz
libffi-3.5.2.tar.gz
libidn2-2.3.8.tar.gz
libinput-1.29.0.tar.gz
libpipeline-1.5.8.tar.gz
libpsl-0.21.5.tar.gz
libsecret-0.21.7.tar.xz
libtasn1-4.20.0.tar.gz
libtool-2.5.4.tar.xz
libunistring-1.3.tar.xz
libxcrypt-4.4.38.tar.xz
libxcvt-0.1.3.tar.xz
libxkbcommon-1.11.0.tar.gz
libxml2-2.14.5.tar.xz
linux-6.16.1.tar.xz
lz4-1.10.0.tar.gz
m4-1.4.20.tar.xz
make-4.4.1.tar.gz
make-ca-1.16.1.tar.gz
man-db-2.13.1.tar.xz
man-pages-6.15.tar.xz
markupsafe-3.0.2.tar.gz
mesa-25.1.8.tar.xz
meson-1.8.3.tar.gz
mpc-1.3.1.tar.gz
mpfr-4.2.2.tar.xz
mtdev-1.1.7.tar.bz2
ncurses-6.5-20250809.tgz
ninja-1.13.1.tar.gz
openssh-10.0p1.tar.gz
openssl-3.5.2.tar.gz
p11-kit-0.25.5.tar.xz
packaging-25.0.tar.gz
patch-2.8.tar.xz
perl-5.42.0.tar.xz
pipewire-1.4.7.tar.bz2
pkgconf-2.5.1.tar.xz
polkit-126.tar.gz
procps-ng-4.0.5.tar.xz
psmisc-23.7.tar.xz
python-3.13.7-docs-html.tar.bz2
qcoro-0.12.0.tar.gz
readline-8.3.tar.gz
sed-4.9.tar.xz
setuptools-80.9.0.tar.gz
shadow-4.18.0.tar.xz
sysklogd-2.7.2.tar.gz
systemd-257.8.tar.gz
systemd-man-pages-257.8.tar.xz
sysvinit-3.14-consolidated-1.patch
sysvinit-3.14.tar.xz
tar-1.35.tar.xz
tcl8.6.16-html.tar.gz
tcl8.6.16-src.tar.gz
texinfo-7.2.tar.xz
tzdata2025b.tar.gz
udev-lfs-20230818.tar.xz
util-linux-2.41.1.tar.xz
vim-9.1.1629.tar.gz
wayland-1.24.0.tar.xz
wayland-protocols-1.41.tar.xz
wheel-0.46.1.tar.gz
xkeyboard-config-2.45.tar.xz
xz-5.8.1.tar.xz
zlib-1.3.1.tar.gz
zstd-1.5.7.tar.gz

COMMAND: ssh alp-builder 'find /mnt/lfs/build -mindepth 2 -maxdepth 2 -type f \( -name Makefile -o -name config.status -o -name build.ninja -o -name ninja \) -printf "%h/%f\n" | sort'
OUTPUT:
/mnt/lfs/build/Python-3.13.7/Makefile
/mnt/lfs/build/Python-3.13.7/config.status
/mnt/lfs/build/acl-2.3.2-m04-20260924-r1/Makefile
/mnt/lfs/build/acl-2.3.2-m04-20260924-r1/config.status
/mnt/lfs/build/acl-2.3.2/Makefile
/mnt/lfs/build/acl-2.3.2/config.status
/mnt/lfs/build/attr-2.5.2-m04-20260924-r3/Makefile
/mnt/lfs/build/attr-2.5.2-m04-20260924-r3/config.status
/mnt/lfs/build/attr-2.5.2/Makefile
/mnt/lfs/build/attr-2.5.2/config.status
/mnt/lfs/build/autoconf-2.72-final/Makefile
/mnt/lfs/build/autoconf-2.72-final/config.status
/mnt/lfs/build/automake-1.18.1-final/Makefile
/mnt/lfs/build/automake-1.18.1-final/config.status
/mnt/lfs/build/bash-5.3-final/Makefile
/mnt/lfs/build/bash-5.3-final/config.status
/mnt/lfs/build/bash-5.3-m04-r1/Makefile
/mnt/lfs/build/bash-5.3-m04-r1/config.status
/mnt/lfs/build/bash-5.3/Makefile
/mnt/lfs/build/bash-5.3/config.status
/mnt/lfs/build/bc-7.0.3-m04-r1/Makefile
/mnt/lfs/build/bc-7.0.3/Makefile
/mnt/lfs/build/bison-3.8.2-final/Makefile
/mnt/lfs/build/bison-3.8.2-final/config.status
/mnt/lfs/build/bison-3.8.2/Makefile
/mnt/lfs/build/bison-3.8.2/config.status
/mnt/lfs/build/bzip2-1.0.8-m04-r2/Makefile
/mnt/lfs/build/bzip2-1.0.8-m04/Makefile
/mnt/lfs/build/bzip2-1.0.8/Makefile
/mnt/lfs/build/coreutils-9.7-m04/Makefile
/mnt/lfs/build/coreutils-9.7-m04/config.status
/mnt/lfs/build/coreutils-9.7/Makefile
/mnt/lfs/build/coreutils-9.7/config.status
/mnt/lfs/build/diffutils-3.12-m04-r1/Makefile
/mnt/lfs/build/diffutils-3.12-m04-r1/config.status
/mnt/lfs/build/diffutils-3.12/Makefile
/mnt/lfs/build/diffutils-3.12/config.status
/mnt/lfs/build/elfutils-0.193-final/Makefile
/mnt/lfs/build/elfutils-0.193-final/config.status
/mnt/lfs/build/expat-2.7.1-final/Makefile
/mnt/lfs/build/expat-2.7.1-final/config.status
/mnt/lfs/build/expat-2.7.1-m04-r1/Makefile
/mnt/lfs/build/expat-2.7.1-m04-r1/config.status
/mnt/lfs/build/expect-5.45.4-m04-r1/Makefile
/mnt/lfs/build/expect-5.45.4-m04-r1/config.status
/mnt/lfs/build/expect5.45.4/Makefile
/mnt/lfs/build/expect5.45.4/config.status
/mnt/lfs/build/file-5.46-m04/Makefile
/mnt/lfs/build/file-5.46-m04/config.status
/mnt/lfs/build/file-5.46/Makefile
/mnt/lfs/build/file-5.46/config.status
/mnt/lfs/build/findutils-4.10.0-m04-r1/Makefile
/mnt/lfs/build/findutils-4.10.0-m04-r1/config.status
/mnt/lfs/build/findutils-4.10.0/Makefile
/mnt/lfs/build/findutils-4.10.0/config.status
/mnt/lfs/build/flex-2.6.4-m04-r1/Makefile
/mnt/lfs/build/flex-2.6.4-m04-r1/config.status
/mnt/lfs/build/flex-2.6.4/Makefile
/mnt/lfs/build/flex-2.6.4/config.status
/mnt/lfs/build/gawk-5.3.2-m04-r1/Makefile
/mnt/lfs/build/gawk-5.3.2-m04-r1/config.status
/mnt/lfs/build/gawk-5.3.2/Makefile
/mnt/lfs/build/gawk-5.3.2/config.status
/mnt/lfs/build/gdbm-1.26-final/Makefile
/mnt/lfs/build/gdbm-1.26-final/config.status
/mnt/lfs/build/gdbm-1.26-m04-r1/Makefile
/mnt/lfs/build/gdbm-1.26-m04-r1/config.status
/mnt/lfs/build/gettext-0.26/Makefile
/mnt/lfs/build/gettext-0.26/config.status
/mnt/lfs/build/glibc-2.42/Makefile
/mnt/lfs/build/gmp-6.3.0-m04-r1/Makefile
/mnt/lfs/build/gmp-6.3.0-m04-r1/config.status
/mnt/lfs/build/gmp-6.3.0/Makefile
/mnt/lfs/build/gmp-6.3.0/config.status
/mnt/lfs/build/gperf-3.3-final/Makefile
/mnt/lfs/build/gperf-3.3-final/config.status
/mnt/lfs/build/gperf-3.3-m04-r1/Makefile
/mnt/lfs/build/gperf-3.3-m04-r1/config.status
/mnt/lfs/build/grep-3.12-final/Makefile
/mnt/lfs/build/grep-3.12-final/config.status
/mnt/lfs/build/grep-3.12-m04-r1/Makefile
/mnt/lfs/build/grep-3.12-m04-r1/config.status
/mnt/lfs/build/grep-3.12/Makefile
/mnt/lfs/build/grep-3.12/config.status
/mnt/lfs/build/groff-1.23.0-final/Makefile
/mnt/lfs/build/groff-1.23.0-final/config.status
/mnt/lfs/build/gzip-1.14-m04/Makefile
/mnt/lfs/build/gzip-1.14-m04/config.status
/mnt/lfs/build/gzip-1.14/Makefile
/mnt/lfs/build/gzip-1.14/config.status
/mnt/lfs/build/inetutils-2.6-final/Makefile
/mnt/lfs/build/inetutils-2.6-final/config.status
/mnt/lfs/build/inetutils-2.6-m04-r1/Makefile
/mnt/lfs/build/inetutils-2.6-m04-r1/config.status
/mnt/lfs/build/intltool-0.51.0-final/Makefile
/mnt/lfs/build/intltool-0.51.0-final/config.status
/mnt/lfs/build/iproute2-6.16.0-final/Makefile
/mnt/lfs/build/kbd-2.8.0-final/Makefile
/mnt/lfs/build/kbd-2.8.0-final/config.status
/mnt/lfs/build/less-679-final/Makefile
/mnt/lfs/build/less-679-final/config.status
/mnt/lfs/build/less-679-m04-r1/Makefile
/mnt/lfs/build/less-679-m04-r1/config.status
/mnt/lfs/build/libcap-2.76-m04-r1/Makefile
/mnt/lfs/build/libcap-2.76/Makefile
/mnt/lfs/build/libffi-3.5.2-final/Makefile
/mnt/lfs/build/libpipeline-1.5.8-final/Makefile
/mnt/lfs/build/libpipeline-1.5.8-final/config.status
/mnt/lfs/build/libtool-2.5.4-final/Makefile
/mnt/lfs/build/libtool-2.5.4-final/config.status
/mnt/lfs/build/libtool-2.5.4-m04-r1/Makefile
/mnt/lfs/build/libtool-2.5.4-m04-r1/config.status
/mnt/lfs/build/libxcrypt-4.4.38-m04-r1/Makefile
/mnt/lfs/build/libxcrypt-4.4.38-m04-r1/config.status
/mnt/lfs/build/libxcrypt-4.4.38/Makefile
/mnt/lfs/build/libxcrypt-4.4.38/config.status
/mnt/lfs/build/linux-6.16.1-final/Makefile
/mnt/lfs/build/linux-6.16.1/Makefile
/mnt/lfs/build/lz4-1.10.0-m04/Makefile
/mnt/lfs/build/lz4-1.10.0/Makefile
/mnt/lfs/build/m4-1.4.20-m04-r1/Makefile
/mnt/lfs/build/m4-1.4.20-m04-r1/config.status
/mnt/lfs/build/m4-1.4.20/Makefile
/mnt/lfs/build/m4-1.4.20/config.status
/mnt/lfs/build/make-4.4.1/Makefile
/mnt/lfs/build/make-4.4.1/config.status
/mnt/lfs/build/man-db-2.13.1-final/Makefile
/mnt/lfs/build/man-db-2.13.1-final/config.status
/mnt/lfs/build/mpc-1.3.1-m04-r1/Makefile
/mnt/lfs/build/mpc-1.3.1-m04-r1/config.status
/mnt/lfs/build/mpc-1.3.1/Makefile
/mnt/lfs/build/mpc-1.3.1/config.status
/mnt/lfs/build/mpfr-4.2.2-m04-r1/Makefile
/mnt/lfs/build/mpfr-4.2.2-m04-r1/config.status
/mnt/lfs/build/mpfr-4.2.2/Makefile
/mnt/lfs/build/mpfr-4.2.2/config.status
/mnt/lfs/build/ncurses-6.5-20250809-m04-20260924-r2/Makefile
/mnt/lfs/build/ncurses-6.5-20250809-m04-20260924-r2/config.status
/mnt/lfs/build/ncurses-6.5-20250809-m04-20260924-r3/Makefile
/mnt/lfs/build/ncurses-6.5-20250809-m04-20260924-r3/config.status
/mnt/lfs/build/ncurses-6.5-20250809/Makefile
/mnt/lfs/build/ncurses-6.5-20250809/config.status
/mnt/lfs/build/ninja-1.13.1-final/build.ninja
/mnt/lfs/build/ninja-1.13.1-final/ninja
/mnt/lfs/build/openssl-3.5.2-final/Makefile
/mnt/lfs/build/patch-2.8/Makefile
/mnt/lfs/build/patch-2.8/config.status
/mnt/lfs/build/perl-5.42.0-final/Makefile
/mnt/lfs/build/perl-5.42.0-m04-r1/Makefile
/mnt/lfs/build/perl-5.42.0/Makefile
/mnt/lfs/build/pkgconf-2.5.1-m04-r1/Makefile
/mnt/lfs/build/pkgconf-2.5.1-m04-r1/config.status
/mnt/lfs/build/pkgconf-2.5.1/Makefile
/mnt/lfs/build/pkgconf-2.5.1/config.status
/mnt/lfs/build/procps-ng-4.0.5-final/Makefile
/mnt/lfs/build/procps-ng-4.0.5-final/config.status
/mnt/lfs/build/psmisc-23.7/Makefile
/mnt/lfs/build/psmisc-23.7/config.status
/mnt/lfs/build/readline-8.3-m04-r1/Makefile
/mnt/lfs/build/readline-8.3-m04-r1/config.status
/mnt/lfs/build/readline-8.3/Makefile
/mnt/lfs/build/readline-8.3/config.status
/mnt/lfs/build/sed-4.9/Makefile
/mnt/lfs/build/sed-4.9/config.status
/mnt/lfs/build/shadow-4.18.0-m04-20260924-r1/Makefile
/mnt/lfs/build/shadow-4.18.0-m04-20260924-r1/config.status
/mnt/lfs/build/shadow-4.18.0/Makefile
/mnt/lfs/build/shadow-4.18.0/config.status
/mnt/lfs/build/tar-1.35/Makefile
/mnt/lfs/build/tar-1.35/config.status
/mnt/lfs/build/texinfo-7.2/Makefile
/mnt/lfs/build/texinfo-7.2/config.status
/mnt/lfs/build/util-linux-2.41.1-final/Makefile
/mnt/lfs/build/util-linux-2.41.1-final/config.status
/mnt/lfs/build/util-linux-2.41.1/Makefile
/mnt/lfs/build/util-linux-2.41.1/config.status
/mnt/lfs/build/xml-parser-2.47-final/Makefile
/mnt/lfs/build/xz-5.8.1-m04/Makefile
/mnt/lfs/build/xz-5.8.1-m04/config.status
/mnt/lfs/build/xz-5.8.1/Makefile
/mnt/lfs/build/xz-5.8.1/config.status
/mnt/lfs/build/zlib-1.3.1-m04-r2/Makefile
/mnt/lfs/build/zlib-1.3.1-m04-r3/Makefile
/mnt/lfs/build/zlib-1.3.1/Makefile
/mnt/lfs/build/zstd-1.5.7-m04/Makefile
/mnt/lfs/build/zstd-1.5.7/Makefile

Interpretation: source/build basenames and configure markers are presence evidence only. They do not prove source identity, complete usable build products, accepted tests, safe install targets, or safe replay.
