Builder=yrsk source=39bf67452fa41d0948c2197601053f48b3d78a029389734332a6309a680c6c87  /mnt/lfs/sources/attr-2.5.2.tar.gz
filesystem_probe=xattr+POSIX_ACL passed
LFS_REQUIRED_PATCH=none; install_mode=DESTDIR; rootfs_merge=forbidden
Filesystem                         Size  Used Avail Use% Mounted on
/dev/mapper/ubuntu--vg-ubuntu--lv  157G   84G   67G  56% /
checking for a BSD-compatible install... /usr/bin/install -c
checking whether build environment is sane... yes
checking for a race-free mkdir -p... /usr/bin/mkdir -p
checking for gawk... gawk
checking whether make sets $(MAKE)... yes
checking whether make supports nested variables... yes
checking whether make supports nested variables... (cached) yes
checking build system type... x86_64-pc-linux-gnu
checking host system type... x86_64-pc-linux-gnu
checking for gcc... gcc
checking whether the C compiler works... yes
checking for C compiler default output file name... a.out
checking for suffix of executables... 
checking whether we are cross compiling... no
checking for suffix of object files... o
checking whether the compiler supports GNU C... yes
checking whether gcc accepts -g... yes
checking for gcc option to enable C11 features... none needed
checking whether gcc understands -c and -o together... yes
checking whether make supports the include directive... yes (GNU style)
checking dependency style of gcc... gcc3
checking for stdio.h... yes
checking for stdlib.h... yes
checking for string.h... yes
checking for inttypes.h... yes
checking for stdint.h... yes
checking for strings.h... yes
checking for sys/stat.h... yes
checking for sys/types.h... yes
checking for unistd.h... yes
checking for wchar.h... yes
checking for minix/config.h... no
checking whether it is safe to define __EXTENSIONS__... yes
checking whether _XOPEN_SOURCE should be defined... no
checking for an ANSI C-conforming const... yes
checking for mode_t... yes
checking for size_t... yes
checking for working alloca.h... yes
checking for alloca... yes
checking whether __attribute__((visibility())) is supported... yes
checking for special C compiler options needed for large files... no
checking for _FILE_OFFSET_BITS value needed for large files... no
checking for ar... ar
checking the archiver (ar) interface... ar
checking how to print strings... printf
checking for a sed that does not truncate output... /usr/bin/sed
checking for grep that handles long lines and -e... /usr/bin/grep
checking for egrep... /usr/bin/grep -E
checking for fgrep... /usr/bin/grep -F
checking for ld used by gcc... /usr/bin/ld
checking if the linker (/usr/bin/ld) is GNU ld... yes
checking for BSD- or MS-compatible name lister (nm)... /usr/bin/nm -B
checking the name lister (/usr/bin/nm -B) interface... BSD nm
checking whether ln -s works... yes
checking the maximum length of command line arguments... 1572864
checking how to convert x86_64-pc-linux-gnu file names to x86_64-pc-linux-gnu format... func_convert_file_noop
checking how to convert x86_64-pc-linux-gnu file names to toolchain format... func_convert_file_noop
checking for /usr/bin/ld option to reload object files... -r
checking for file... file
checking for objdump... objdump
checking how to recognize dependent libraries... pass_all
checking for dlltool... no
checking how to associate runtime and link libraries... printf %s\n
checking for archiver @FILE support... @
checking for strip... strip
checking for ranlib... ranlib
checking command to parse /usr/bin/nm -B output from gcc object... ok
checking for sysroot... no
checking for a working dd... /usr/bin/dd
checking how to truncate binary pipes... /usr/bin/dd bs=4096 count=1
checking for mt... no
checking if : is a manifest tool... no
checking for dlfcn.h... yes
checking for objdir... .libs
checking if gcc supports -fno-rtti -fno-exceptions... no
checking for gcc option to produce PIC... -fPIC -DPIC
checking if gcc PIC flag -fPIC -DPIC works... yes
checking if gcc static flag -static works... yes
checking if gcc supports -c -o file.o... yes
checking if gcc supports -c -o file.o... (cached) yes
checking whether the gcc linker (/usr/bin/ld -m elf_x86_64) supports shared libraries... yes
checking whether -lc should be explicitly linked in... no
checking dynamic linker characteristics... GNU/Linux ld.so
checking how to hardcode library paths into programs... immediate
checking whether stripping libraries is possible... yes
checking if libtool supports shared libraries... yes
checking whether to build shared libraries... yes
checking whether to build static libraries... no
checking whether NLS is requested... yes
checking for msgfmt... /usr/bin/msgfmt
checking for gmsgfmt... /usr/bin/msgfmt
checking for xgettext... /usr/bin/xgettext
checking for msgmerge... /usr/bin/msgmerge
checking for ld used by gcc... /usr/bin/ld -m elf_x86_64
checking if the linker (/usr/bin/ld -m elf_x86_64) is GNU ld... yes
checking for shared library run path origin... done
checking how to run the C preprocessor... gcc -E
checking for CFPreferencesCopyAppValue... no
checking for CFLocaleCopyCurrent... no
checking for GNU gettext in libc... yes
checking whether to use NLS... yes
checking where the gettext function comes from... libc
checking that generated files are newer than configure... done
configure: creating ./config.status
config.status: creating libattr.pc
config.status: creating Makefile
config.status: creating po/Makefile.in
config.status: creating include/config.h
config.status: executing depfiles commands
config.status: executing libtool commands
config.status: executing po-directories commands
config.status: creating po/POTFILES
config.status: creating po/Makefile
config.status: executing include/attr commands
Making all in po
make[1]: Entering directory '/build/attr-2.5.2-m04-20260924-r3/po'
make[1]: Nothing to be done for 'all'.
make[1]: Leaving directory '/build/attr-2.5.2-m04-20260924-r3/po'
make[1]: Entering directory '/build/attr-2.5.2-m04-20260924-r3'
  CC       tools/attr.o
  CC       libattr/la-attr_copy_action.lo
  CC       libattr/la-attr_copy_check.lo
  CC       libattr/la-attr_copy_fd.lo
  CC       libattr/la-attr_copy_file.lo
  CC       libattr/la-libattr.lo
  CC       libattr/la-syscalls.lo
  CCLD     libattr.la
  CC       libmisc/high_water_alloc.lo
  CC       libmisc/next_line.lo
  CC       libmisc/quote.lo
  CC       libmisc/unquote.lo
  CC       libmisc/walk_tree.lo
  CCLD     libmisc.la
  CCLD     attr
  CC       tools/getfattr.o
  CCLD     getfattr
  CC       tools/setfattr.o
  CCLD     setfattr
make[1]: Leaving directory '/build/attr-2.5.2-m04-20260924-r3'
Making check in po
make[1]: Entering directory '/build/attr-2.5.2-m04-20260924-r3/po'
make[1]: Nothing to be done for 'check'.
make[1]: Leaving directory '/build/attr-2.5.2-m04-20260924-r3/po'
make[1]: Entering directory '/build/attr-2.5.2-m04-20260924-r3'
make  check-TESTS
make[2]: Entering directory '/build/attr-2.5.2-m04-20260924-r3'
make[3]: Entering directory '/build/attr-2.5.2-m04-20260924-r3'
PASS: test/attr.test
SKIP: test/root/getfattr.test
============================================================================
Testsuite summary for attr 2.5.2
============================================================================
# TOTAL: 2
# PASS:  1
# SKIP:  1
# XFAIL: 0
# FAIL:  0
# XPASS: 0
# ERROR: 0
============================================================================
make[3]: Leaving directory '/build/attr-2.5.2-m04-20260924-r3'
make[2]: Leaving directory '/build/attr-2.5.2-m04-20260924-r3'
make[1]: Leaving directory '/build/attr-2.5.2-m04-20260924-r3'
Making install in po
make[1]: Entering directory '/build/attr-2.5.2-m04-20260924-r3/po'
installing cs.gmo as /tmp/alp-m04-attr-stage-20260924-r3/usr/share/locale/cs/LC_MESSAGES/attr.mo
installing de.gmo as /tmp/alp-m04-attr-stage-20260924-r3/usr/share/locale/de/LC_MESSAGES/attr.mo
installing es.gmo as /tmp/alp-m04-attr-stage-20260924-r3/usr/share/locale/es/LC_MESSAGES/attr.mo
installing fr.gmo as /tmp/alp-m04-attr-stage-20260924-r3/usr/share/locale/fr/LC_MESSAGES/attr.mo
installing gl.gmo as /tmp/alp-m04-attr-stage-20260924-r3/usr/share/locale/gl/LC_MESSAGES/attr.mo
installing ka.gmo as /tmp/alp-m04-attr-stage-20260924-r3/usr/share/locale/ka/LC_MESSAGES/attr.mo
installing nl.gmo as /tmp/alp-m04-attr-stage-20260924-r3/usr/share/locale/nl/LC_MESSAGES/attr.mo
installing pl.gmo as /tmp/alp-m04-attr-stage-20260924-r3/usr/share/locale/pl/LC_MESSAGES/attr.mo
installing sv.gmo as /tmp/alp-m04-attr-stage-20260924-r3/usr/share/locale/sv/LC_MESSAGES/attr.mo
installing en@boldquot.gmo as /tmp/alp-m04-attr-stage-20260924-r3/usr/share/locale/en@boldquot/LC_MESSAGES/attr.mo
installing en@quot.gmo as /tmp/alp-m04-attr-stage-20260924-r3/usr/share/locale/en@quot/LC_MESSAGES/attr.mo
if test "attr" = "gettext-tools"; then \
  /usr/bin/mkdir -p /tmp/alp-m04-attr-stage-20260924-r3/usr/share/gettext/po; \
  for file in Makefile.in.in remove-potcdate.sin quot.sed boldquot.sed en@quot.header en@boldquot.header insert-header.sin Rules-quot   Makevars.template; do \
    /usr/bin/install -c -m 644 ./$file \
		    /tmp/alp-m04-attr-stage-20260924-r3/usr/share/gettext/po/$file; \
  done; \
  for file in Makevars; do \
    rm -f /tmp/alp-m04-attr-stage-20260924-r3/usr/share/gettext/po/$file; \
  done; \
else \
  : ; \
fi
make[1]: Leaving directory '/build/attr-2.5.2-m04-20260924-r3/po'
make[1]: Entering directory '/build/attr-2.5.2-m04-20260924-r3'
make[2]: Entering directory '/build/attr-2.5.2-m04-20260924-r3'
 /usr/bin/mkdir -p '/tmp/alp-m04-attr-stage-20260924-r3/usr/lib'
 /bin/sh ./libtool   --mode=install /usr/bin/install -c   libattr.la '/tmp/alp-m04-attr-stage-20260924-r3/usr/lib'
libtool: install: /usr/bin/install -c .libs/libattr.so.1.1.2502 /tmp/alp-m04-attr-stage-20260924-r3/usr/lib/libattr.so.1.1.2502
libtool: install: (cd /tmp/alp-m04-attr-stage-20260924-r3/usr/lib && { ln -s -f libattr.so.1.1.2502 libattr.so.1 || { rm -f libattr.so.1 && ln -s libattr.so.1.1.2502 libattr.so.1; }; })
libtool: install: (cd /tmp/alp-m04-attr-stage-20260924-r3/usr/lib && { ln -s -f libattr.so.1.1.2502 libattr.so || { rm -f libattr.so && ln -s libattr.so.1.1.2502 libattr.so; }; })
libtool: install: /usr/bin/install -c .libs/libattr.lai /tmp/alp-m04-attr-stage-20260924-r3/usr/lib/libattr.la
libtool: warning: remember to run 'libtool --finish /usr/lib'
 /usr/bin/mkdir -p '/tmp/alp-m04-attr-stage-20260924-r3/usr/bin'
  /bin/sh ./libtool   --mode=install /usr/bin/install -c attr getfattr setfattr '/tmp/alp-m04-attr-stage-20260924-r3/usr/bin'
libtool: install: /usr/bin/install -c .libs/attr /tmp/alp-m04-attr-stage-20260924-r3/usr/bin/attr
libtool: install: /usr/bin/install -c .libs/getfattr /tmp/alp-m04-attr-stage-20260924-r3/usr/bin/getfattr
libtool: install: /usr/bin/install -c .libs/setfattr /tmp/alp-m04-attr-stage-20260924-r3/usr/bin/setfattr
 /usr/bin/mkdir -p '/tmp/alp-m04-attr-stage-20260924-r3/etc'
 /usr/bin/install -c -m 644 xattr.conf '/tmp/alp-m04-attr-stage-20260924-r3/etc'
subst_install_header() { file=`echo "$1" | sed -e 's,^.*/,,'`; /usr/bin/sed -e "s/\<EXPORT\>/extern/" < "$1" > "include/$file.t" || exit 1; /usr/bin/mkdir -p "$2" || exit 1; /usr/bin/install -c -m 644 "include/$file.t" "$2/$file" || exit 1; rm -f "include/$file.t"; }; subst_install_header "include/attributes.h" "/tmp/alp-m04-attr-stage-20260924-r3/usr/include/attr"
subst_install_header() { file=`echo "$1" | sed -e 's,^.*/,,'`; /usr/bin/sed -e "s/\<EXPORT\>/extern/" < "$1" > "include/$file.t" || exit 1; /usr/bin/mkdir -p "$2" || exit 1; /usr/bin/install -c -m 644 "include/$file.t" "$2/$file" || exit 1; rm -f "include/$file.t"; }; subst_install_header "include/error_context.h" "/tmp/alp-m04-attr-stage-20260924-r3/usr/include/attr"
subst_install_header() { file=`echo "$1" | sed -e 's,^.*/,,'`; /usr/bin/sed -e "s/\<EXPORT\>/extern/" < "$1" > "include/$file.t" || exit 1; /usr/bin/mkdir -p "$2" || exit 1; /usr/bin/install -c -m 644 "include/$file.t" "$2/$file" || exit 1; rm -f "include/$file.t"; }; subst_install_header "include/libattr.h" "/tmp/alp-m04-attr-stage-20260924-r3/usr/include/attr"
 /usr/bin/mkdir -p '/tmp/alp-m04-attr-stage-20260924-r3/usr/share/doc/attr-2.5.2'
 /usr/bin/install -c -m 644 doc/CHANGES doc/COPYING doc/COPYING.LGPL '/tmp/alp-m04-attr-stage-20260924-r3/usr/share/doc/attr-2.5.2'
 /usr/bin/mkdir -p '/tmp/alp-m04-attr-stage-20260924-r3/usr/share/man/man1'
 /usr/bin/install -c -m 644 man/man1/attr.1 man/man1/getfattr.1 man/man1/setfattr.1 '/tmp/alp-m04-attr-stage-20260924-r3/usr/share/man/man1'
 /usr/bin/mkdir -p '/tmp/alp-m04-attr-stage-20260924-r3/usr/share/man/man3'
 /usr/bin/install -c -m 644 man/man3/attr_get.3 man/man3/attr_list.3 man/man3/attr_multi.3 man/man3/attr_remove.3 man/man3/attr_set.3 '/tmp/alp-m04-attr-stage-20260924-r3/usr/share/man/man3'
 /usr/bin/mkdir -p '/tmp/alp-m04-attr-stage-20260924-r3/usr/lib/pkgconfig'
 /usr/bin/install -c -m 644 libattr.pc '/tmp/alp-m04-attr-stage-20260924-r3/usr/lib/pkgconfig'
make  install-data-hook
make[3]: Entering directory '/build/attr-2.5.2-m04-20260924-r3'
set -e; \
cd "/tmp/alp-m04-attr-stage-20260924-r3/usr/share/man"; \
for d in man/man1/attr.1 man/man1/getfattr.1 man/man1/setfattr.1 man/man3/attr_get.3 man/man3/attr_list.3 man/man3/attr_multi.3 man/man3/attr_remove.3 man/man3/attr_set.3; do \
	man_section=${d##*.}; \
	d=${d#man/}; \
	dst=${d##*/}; \
	for m in `gawk \
		'/^\.S[h|H] NAME/ {ok=1; next} ok {print; exit}' $d \
		| /usr/bin/sed \
			-e 's/^\.Nm //' -e 's/,/ /g' -e 's/\\-.*//' \
			-e 's/\\\f[0-9]//g' -e 's/  / /g;q'`; \
	do \
		[ "$m" = "\\" ] && continue; \
		ln="man$man_section/$m.$man_section"; \
		[ -e "$ln" ] && continue; \
		echo ln -s $dst $ln; \
		ln -s $dst $ln; \
	done; \
done
ln -s attr_get.3 man3/attr_getf.3
ln -s attr_list.3 man3/attr_listf.3
ln -s attr_multi.3 man3/attr_multif.3
ln -s attr_remove.3 man3/attr_removef.3
ln -s attr_set.3 man3/attr_setf.3
make[3]: Leaving directory '/build/attr-2.5.2-m04-20260924-r3'
make[2]: Leaving directory '/build/attr-2.5.2-m04-20260924-r3'
make[1]: Leaving directory '/build/attr-2.5.2-m04-20260924-r3'
getfattr: Removing leading '/' from absolute path names
manifest=/mnt/lfs/tmp/alp-m04-attr-2.5.2-manifest-20260924-r3.json
entries=75 types={"directory": 36, "file": 32, "symlink": 7}
ROOTFS_PREFLIGHT=staged paths differ; review before adoption
package=attr version=2.5.2
source_url=https://download.savannah.gnu.org/releases/attr/attr-2.5.2.tar.gz
source_md5=227043ec2f6ca03c0948df5517f9c927
source_sha256=39bf67452fa41d0948c2197601053f48b3d78a029389734332a6309a680c6c87
critical_tests=make check passed on xattr-capable filesystem
install_mode=DESTDIR; rootfs_merge=forbidden
manifest=/mnt/lfs/tmp/alp-m04-attr-2.5.2-manifest-20260924-r3.json
entries=75 types={"directory": 36, "file": 32, "symlink": 7}
MISMATCH /etc
  expected: {"gid": 0, "mode": 493, "path": "/etc", "type": "directory", "uid": 0}
  actual:   {"gid": 0, "mode": 493, "path": "/etc", "type": "directory", "uid": 1001}
MISMATCH /usr/bin/attr
  expected: {"gid": 0, "mode": 493, "path": "/usr/bin/attr", "sha256": "7a0ec998aa0d89cd60d637365d45c35692fe94f548f658874e2cc7d3486763da", "size": 28360, "type": "file", "uid": 0}
  actual:   {"gid": 0, "mode": 493, "path": "/usr/bin/attr", "sha256": "b005f2b9a94e5d5c7fd990e04926479a43f312a10bc32baff0aff5e6f1a8166f", "size": 28344, "type": "file", "uid": 0}
MISMATCH /usr/bin/getfattr
  expected: {"gid": 0, "mode": 493, "path": "/usr/bin/getfattr", "sha256": "2b32d86b46fb9ca7a06937c402f44b1908f365ce2ebecefadad779236bf430c4", "size": 60400, "type": "file", "uid": 0}
  actual:   {"gid": 0, "mode": 493, "path": "/usr/bin/getfattr", "sha256": "f6b79d7beaa8942db803b43c1cec849177c7c5e0942f915e4eeb43d6c1d84162", "size": 60384, "type": "file", "uid": 0}
MISMATCH /usr/bin/setfattr
  expected: {"gid": 0, "mode": 493, "path": "/usr/bin/setfattr", "sha256": "fdb684e8d6af44d38f6e774f7e33f5de0e56668951b2068086f95fa0dff299b9", "size": 53312, "type": "file", "uid": 0}
  actual:   {"gid": 0, "mode": 493, "path": "/usr/bin/setfattr", "sha256": "05e3a94a09549b9b579393486a0540dc2235d2dea5937eb5a8481ff0ba35d742", "size": 53296, "type": "file", "uid": 0}
MISMATCH /usr/lib/libattr.so.1.1.2502
  expected: {"gid": 0, "mode": 493, "path": "/usr/lib/libattr.so.1.1.2502", "sha256": "cef59f4224de7a4eb661b5b36af1e2ec455a89ded61a8e58a8d1b13138bf59e6", "size": 70952, "type": "file", "uid": 0}
  actual:   {"gid": 0, "mode": 493, "path": "/usr/lib/libattr.so.1.1.2502", "sha256": "936dc2d35c25f66398fce48859757e8966e33fa023614ecf7561d299c59c0158", "size": 70936, "type": "file", "uid": 0}
MISMATCH /usr/share/doc
  expected: {"gid": 0, "mode": 493, "path": "/usr/share/doc", "type": "directory", "uid": 0}
  actual:   {"gid": 1001, "mode": 509, "path": "/usr/share/doc", "type": "directory", "uid": 1001}
MISMATCH /usr/share/locale
  expected: {"gid": 0, "mode": 493, "path": "/usr/share/locale", "type": "directory", "uid": 0}
  actual:   {"gid": 1001, "mode": 509, "path": "/usr/share/locale", "type": "directory", "uid": 1001}
MISMATCH /usr/share/locale/cs
  expected: {"gid": 0, "mode": 493, "path": "/usr/share/locale/cs", "type": "directory", "uid": 0}
  actual:   {"gid": 1001, "mode": 509, "path": "/usr/share/locale/cs", "type": "directory", "uid": 1001}
MISMATCH /usr/share/locale/cs/LC_MESSAGES
  expected: {"gid": 0, "mode": 493, "path": "/usr/share/locale/cs/LC_MESSAGES", "type": "directory", "uid": 0}
  actual:   {"gid": 1001, "mode": 509, "path": "/usr/share/locale/cs/LC_MESSAGES", "type": "directory", "uid": 1001}
MISMATCH /usr/share/locale/de
  expected: {"gid": 0, "mode": 493, "path": "/usr/share/locale/de", "type": "directory", "uid": 0}
  actual:   {"gid": 1001, "mode": 509, "path": "/usr/share/locale/de", "type": "directory", "uid": 1001}
MISMATCH /usr/share/locale/de/LC_MESSAGES
  expected: {"gid": 0, "mode": 493, "path": "/usr/share/locale/de/LC_MESSAGES", "type": "directory", "uid": 0}
  actual:   {"gid": 1001, "mode": 509, "path": "/usr/share/locale/de/LC_MESSAGES", "type": "directory", "uid": 1001}
MISMATCH /usr/share/locale/en@boldquot
  expected: {"gid": 0, "mode": 493, "path": "/usr/share/locale/en@boldquot", "type": "directory", "uid": 0}
  actual:   {"gid": 1001, "mode": 509, "path": "/usr/share/locale/en@boldquot", "type": "directory", "uid": 1001}
MISMATCH /usr/share/locale/en@boldquot/LC_MESSAGES
  expected: {"gid": 0, "mode": 493, "path": "/usr/share/locale/en@boldquot/LC_MESSAGES", "type": "directory", "uid": 0}
  actual:   {"gid": 1001, "mode": 509, "path": "/usr/share/locale/en@boldquot/LC_MESSAGES", "type": "directory", "uid": 1001}
MISMATCH /usr/share/locale/en@quot
  expected: {"gid": 0, "mode": 493, "path": "/usr/share/locale/en@quot", "type": "directory", "uid": 0}
  actual:   {"gid": 1001, "mode": 509, "path": "/usr/share/locale/en@quot", "type": "directory", "uid": 1001}
MISMATCH /usr/share/locale/en@quot/LC_MESSAGES
  expected: {"gid": 0, "mode": 493, "path": "/usr/share/locale/en@quot/LC_MESSAGES", "type": "directory", "uid": 0}
  actual:   {"gid": 1001, "mode": 509, "path": "/usr/share/locale/en@quot/LC_MESSAGES", "type": "directory", "uid": 1001}
MISMATCH /usr/share/locale/es
  expected: {"gid": 0, "mode": 493, "path": "/usr/share/locale/es", "type": "directory", "uid": 0}
  actual:   {"gid": 1001, "mode": 509, "path": "/usr/share/locale/es", "type": "directory", "uid": 1001}
MISMATCH /usr/share/locale/es/LC_MESSAGES
  expected: {"gid": 0, "mode": 493, "path": "/usr/share/locale/es/LC_MESSAGES", "type": "directory", "uid": 0}
  actual:   {"gid": 1001, "mode": 509, "path": "/usr/share/locale/es/LC_MESSAGES", "type": "directory", "uid": 1001}
MISMATCH /usr/share/locale/fr
  expected: {"gid": 0, "mode": 493, "path": "/usr/share/locale/fr", "type": "directory", "uid": 0}
  actual:   {"gid": 1001, "mode": 509, "path": "/usr/share/locale/fr", "type": "directory", "uid": 1001}
MISMATCH /usr/share/locale/fr/LC_MESSAGES
  expected: {"gid": 0, "mode": 493, "path": "/usr/share/locale/fr/LC_MESSAGES", "type": "directory", "uid": 0}
  actual:   {"gid": 1001, "mode": 509, "path": "/usr/share/locale/fr/LC_MESSAGES", "type": "directory", "uid": 1001}
MISMATCH /usr/share/locale/gl
  expected: {"gid": 0, "mode": 493, "path": "/usr/share/locale/gl", "type": "directory", "uid": 0}
  actual:   {"gid": 1001, "mode": 509, "path": "/usr/share/locale/gl", "type": "directory", "uid": 1001}
MISMATCH /usr/share/locale/gl/LC_MESSAGES
  expected: {"gid": 0, "mode": 493, "path": "/usr/share/locale/gl/LC_MESSAGES", "type": "directory", "uid": 0}
  actual:   {"gid": 1001, "mode": 509, "path": "/usr/share/locale/gl/LC_MESSAGES", "type": "directory", "uid": 1001}
MISMATCH /usr/share/locale/ka
  expected: {"gid": 0, "mode": 493, "path": "/usr/share/locale/ka", "type": "directory", "uid": 0}
  actual:   {"gid": 1001, "mode": 509, "path": "/usr/share/locale/ka", "type": "directory", "uid": 1001}
MISMATCH /usr/share/locale/ka/LC_MESSAGES
  expected: {"gid": 0, "mode": 493, "path": "/usr/share/locale/ka/LC_MESSAGES", "type": "directory", "uid": 0}
  actual:   {"gid": 1001, "mode": 509, "path": "/usr/share/locale/ka/LC_MESSAGES", "type": "directory", "uid": 1001}
MISMATCH /usr/share/locale/nl
  expected: {"gid": 0, "mode": 493, "path": "/usr/share/locale/nl", "type": "directory", "uid": 0}
  actual:   {"gid": 1001, "mode": 509, "path": "/usr/share/locale/nl", "type": "directory", "uid": 1001}
MISMATCH /usr/share/locale/nl/LC_MESSAGES
  expected: {"gid": 0, "mode": 493, "path": "/usr/share/locale/nl/LC_MESSAGES", "type": "directory", "uid": 0}
  actual:   {"gid": 1001, "mode": 509, "path": "/usr/share/locale/nl/LC_MESSAGES", "type": "directory", "uid": 1001}
MISMATCH /usr/share/locale/pl
  expected: {"gid": 0, "mode": 493, "path": "/usr/share/locale/pl", "type": "directory", "uid": 0}
  actual:   {"gid": 1001, "mode": 509, "path": "/usr/share/locale/pl", "type": "directory", "uid": 1001}
MISMATCH /usr/share/locale/pl/LC_MESSAGES
  expected: {"gid": 0, "mode": 493, "path": "/usr/share/locale/pl/LC_MESSAGES", "type": "directory", "uid": 0}
  actual:   {"gid": 1001, "mode": 509, "path": "/usr/share/locale/pl/LC_MESSAGES", "type": "directory", "uid": 1001}
MISMATCH /usr/share/locale/sv
  expected: {"gid": 0, "mode": 493, "path": "/usr/share/locale/sv", "type": "directory", "uid": 0}
  actual:   {"gid": 1001, "mode": 509, "path": "/usr/share/locale/sv", "type": "directory", "uid": 1001}
MISMATCH /usr/share/locale/sv/LC_MESSAGES
  expected: {"gid": 0, "mode": 493, "path": "/usr/share/locale/sv/LC_MESSAGES", "type": "directory", "uid": 0}
  actual:   {"gid": 1001, "mode": 509, "path": "/usr/share/locale/sv/LC_MESSAGES", "type": "directory", "uid": 1001}
package=attr version=2.5.2 entries=75 matched=46 mismatched=29
ROOTFS_PREFLIGHT=staged paths differ; review before adoption
STAGE_OK: /mnt/lfs/tmp/alp-m04-attr-stage-20260924-r3
